                                      1 ;--------------------------------------------------------
                                      2 ; File Created by SDCC : free open source ISO C Compiler
                                      3 ; Version 4.5.0 #15242 (MINGW64)
                                      4 ;--------------------------------------------------------
                                      5 	.module main
                                      6 	
                                      7 	.optsdcc -mz80 sdcccall(1)
                                      8 ;--------------------------------------------------------
                                      9 ; Public variables in this module
                                     10 ;--------------------------------------------------------
                                     11 	.globl _main
                                     12 	.globl _draw_mandelbrot
                                     13 	.globl _test_sd_card
                                     14 	.globl _update_cube
                                     15 	.globl _get_cos
                                     16 	.globl _get_sin
                                     17 	.globl _vga_load_rgb333_full
                                     18 	.globl _sd_read_sector
                                     19 	.globl _sd_write_sector
                                     20 	.globl _sd_wait_ready
                                     21 	.globl _vga_print_int
                                     22 	.globl _vga_Print
                                     23 	.globl _vga_print_hex8
                                     24 	.globl _vga_clear_screen
                                     25 	.globl _vga_set_cursor
                                     26 	.globl _vga_setTextColor
                                     27 	.globl _vga_setTextSize
                                     28 	.globl _vga_setTextFont
                                     29 	.globl _vga_drawLine
                                     30 	.globl _vga_pixel_fast
                                     31 	.globl _video_config
                                     32 	.globl _first_frame
                                     33 	.globl _sector_buffer
                                     34 	.globl _old_projected
                                     35 	.globl _sin_lut
                                     36 	.globl _edges
                                     37 	.globl _cube_vertices
                                     38 ;--------------------------------------------------------
                                     39 ; special function registers
                                     40 ;--------------------------------------------------------
                                     41 ;--------------------------------------------------------
                                     42 ; ram data
                                     43 ;--------------------------------------------------------
                                     44 	.area _DATA
    00000000                         45 _old_projected::
    00000000                         46 	.ds 16
    00000010                         47 _sector_buffer::
    00000010                         48 	.ds 512
                                     49 ;--------------------------------------------------------
                                     50 ; ram data
                                     51 ;--------------------------------------------------------
                                     52 	.area _INITIALIZED
    00000000                         53 _first_frame::
    00000000                         54 	.ds 1
                                     55 ;--------------------------------------------------------
                                     56 ; absolute external ram data
                                     57 ;--------------------------------------------------------
                                     58 	.area _DABS (ABS)
                                     59 ;--------------------------------------------------------
                                     60 ; global & static initialisations
                                     61 ;--------------------------------------------------------
                                     62 	.area _HOME
                                     63 	.area _GSINIT
                                     64 	.area _GSFINAL
                                     65 	.area _GSINIT
                                     66 ;--------------------------------------------------------
                                     67 ; Home
                                     68 ;--------------------------------------------------------
                                     69 	.area _HOME
                                     70 	.area _HOME
                                     71 ;--------------------------------------------------------
                                     72 ; code
                                     73 ;--------------------------------------------------------
                                     74 	.area _CODE
                                     75 ;zerkiolino_alu.h:8: static void alu_set_params(int32_t a, int32_t b) {
                                     76 ;	---------------------------------
                                     77 ; Function alu_set_params
                                     78 ; ---------------------------------
    00000000                         79 _alu_set_params:
    00000000 7D               [ 4]   80 	ld	a, l
    00000001 4C               [ 4]   81 	ld	c, h
                                     82 ;zerkiolino_alu.h:10: p[0] = (uint8_t)(a & 0xFF); p[1] = (uint8_t)((a >> 8) & 0xFF);
    00000002 43               [ 4]   83 	ld	b, e
    00000003 21 20 C0         [10]   84 	ld	hl, #0xc020
    00000006 70               [ 7]   85 	ld	(hl), b
    00000007 42               [ 4]   86 	ld	b, d
    00000008 2E 21            [ 7]   87 	ld	l, #0x21
    0000000A 70               [ 7]   88 	ld	(hl), b
                                     89 ;zerkiolino_alu.h:11: p[2] = (uint8_t)((a >> 16) & 0xFF); p[3] = (uint8_t)((a >> 24) & 0xFF);
    0000000B 47               [ 4]   90 	ld	b, a
    0000000C 2E 22            [ 7]   91 	ld	l, #0x22
    0000000E 70               [ 7]   92 	ld	(hl), b
    0000000F 2E 23            [ 7]   93 	ld	l, #0x23
    00000011 71               [ 7]   94 	ld	(hl), c
                                     95 ;zerkiolino_alu.h:12: p[4] = (uint8_t)(b & 0xFF); p[5] = (uint8_t)((b >> 8) & 0xFF);
    00000012 FD 21 02 00      [14]   96 	ld	iy, #2
    00000016 FD 39            [15]   97 	add	iy, sp
    00000018 FD 7E 00         [19]   98 	ld	a, 0 (iy)
    0000001B 2E 24            [ 7]   99 	ld	l, #0x24
    0000001D 77               [ 7]  100 	ld	(hl), a
    0000001E FD 7E 01         [19]  101 	ld	a, 1 (iy)
    00000021 2E 25            [ 7]  102 	ld	l, #0x25
    00000023 77               [ 7]  103 	ld	(hl), a
                                    104 ;zerkiolino_alu.h:13: p[6] = (uint8_t)((b >> 16) & 0xFF); p[7] = (uint8_t)((b >> 24) & 0xFF);
    00000024 FD 7E 02         [19]  105 	ld	a, 2 (iy)
    00000027 2E 26            [ 7]  106 	ld	l, #0x26
    00000029 77               [ 7]  107 	ld	(hl), a
    0000002A FD 7E 03         [19]  108 	ld	a, 3 (iy)
    0000002D 2E 27            [ 7]  109 	ld	l, #0x27
    0000002F 77               [ 7]  110 	ld	(hl), a
                                    111 ;zerkiolino_alu.h:14: }
    00000030 E1               [10]  112 	pop	hl
    00000031 F1               [10]  113 	pop	af
    00000032 F1               [10]  114 	pop	af
    00000033 E9               [ 4]  115 	jp	(hl)
                                    116 ;zerkiolino_alu.h:17: static int32_t alu_get_32(uint8_t offset) {
                                    117 ;	---------------------------------
                                    118 ; Function alu_get_32
                                    119 ; ---------------------------------
    00000034                        120 _alu_get_32:
    00000034 DD E5            [15]  121 	push	ix
    00000036 DD 21 00 00      [14]  122 	ld	ix,#0
    0000003A DD 39            [15]  123 	add	ix,sp
    0000003C 21 F8 FF         [10]  124 	ld	hl, #-8
    0000003F 39               [11]  125 	add	hl, sp
    00000040 F9               [ 6]  126 	ld	sp, hl
                                    127 ;zerkiolino_alu.h:18: volatile uint8_t *p = (uint8_t *)(ALU_BASE + offset);
    00000041 4F               [ 4]  128 	ld	c, a
    00000042 06 00            [ 7]  129 	ld	b, #0x00
    00000044 21 20 C0         [10]  130 	ld	hl, #0xc020
    00000047 09               [11]  131 	add	hl, bc
    00000048 EB               [ 4]  132 	ex	de, hl
                                    133 ;zerkiolino_alu.h:19: uint32_t r = (uint32_t)p[0];
    00000049 1A               [ 7]  134 	ld	a, (de)
    0000004A DD 77 F8         [19]  135 	ld	-8 (ix), a
    0000004D AF               [ 4]  136 	xor	a, a
    0000004E DD 77 F9         [19]  137 	ld	-7 (ix), a
    00000051 DD 77 FA         [19]  138 	ld	-6 (ix), a
    00000054 DD 77 FB         [19]  139 	ld	-5 (ix), a
                                    140 ;zerkiolino_alu.h:20: r |= (uint32_t)p[1] << 8;
    00000057 6B               [ 4]  141 	ld	l, e
    00000058 62               [ 4]  142 	ld	h, d
    00000059 23               [ 6]  143 	inc	hl
    0000005A 4E               [ 7]  144 	ld	c, (hl)
    0000005B 06 00            [ 7]  145 	ld	b, #0x00
    0000005D 21 00 00         [10]  146 	ld	hl, #0x0000
    00000060 65               [ 4]  147 	ld	h, l
    00000061 68               [ 4]  148 	ld	l, b
    00000062 41               [ 4]  149 	ld	b, c
    00000063 DD 7E F8         [19]  150 	ld	a, -8 (ix)
    00000066 DD 77 FC         [19]  151 	ld	-4 (ix), a
    00000069 DD 70 FD         [19]  152 	ld	-3 (ix), b
    0000006C DD 75 FE         [19]  153 	ld	-2 (ix), l
    0000006F DD 74 FF         [19]  154 	ld	-1 (ix), h
                                    155 ;zerkiolino_alu.h:21: r |= (uint32_t)p[2] << 16;
    00000072 6B               [ 4]  156 	ld	l, e
    00000073 62               [ 4]  157 	ld	h, d
    00000074 23               [ 6]  158 	inc	hl
    00000075 23               [ 6]  159 	inc	hl
    00000076 6E               [ 7]  160 	ld	l, (hl)
    00000077 26 00            [ 7]  161 	ld	h, #0x00
    00000079 DD 4E FC         [19]  162 	ld	c, -4 (ix)
    0000007C DD 46 FD         [19]  163 	ld	b, -3 (ix)
    0000007F E5               [11]  164 	push	hl
    00000080 FD E1            [14]  165 	pop	iy
                                    166 ;zerkiolino_alu.h:22: r |= (uint32_t)p[3] << 24;
    00000082 21 03 00         [10]  167 	ld	hl, #3
    00000085 19               [11]  168 	add	hl, de
    00000086 66               [ 7]  169 	ld	h, (hl)
    00000087 FD E5            [15]  170 	push	iy
    00000089 DD 6E F6         [19]  171 	ld	l, -10 (ix)
    0000008C FD E1            [14]  172 	pop	iy
                                    173 ;zerkiolino_alu.h:23: return (int32_t)r;
    0000008E 59               [ 4]  174 	ld	e, c
    0000008F 50               [ 4]  175 	ld	d, b
                                    176 ;zerkiolino_alu.h:24: }
    00000090 DD F9            [10]  177 	ld	sp, ix
    00000092 DD E1            [14]  178 	pop	ix
    00000094 C9               [10]  179 	ret
                                    180 ;zerkiolino_alu.h:28: static int32_t alu_add(int32_t a, int32_t b) {
                                    181 ;	---------------------------------
                                    182 ; Function alu_add
                                    183 ; ---------------------------------
    00000095                        184 _alu_add:
    00000095 4D               [ 4]  185 	ld	c, l
    00000096 44               [ 4]  186 	ld	b, h
                                    187 ;zerkiolino_alu.h:29: alu_set_params(a, b);
    00000097 FD 21 02 00      [14]  188 	ld	iy, #2
    0000009B FD 39            [15]  189 	add	iy, sp
    0000009D FD 6E 02         [19]  190 	ld	l, 2 (iy)
    000000A0 FD 66 03         [19]  191 	ld	h, 3 (iy)
    000000A3 E5               [11]  192 	push	hl
    000000A4 FD 6E 00         [19]  193 	ld	l, 0 (iy)
    000000A7 FD 66 01         [19]  194 	ld	h, 1 (iy)
    000000AA E5               [11]  195 	push	hl
    000000AB 69               [ 4]  196 	ld	l, c
    000000AC 60               [ 4]  197 	ld	h, b
    000000AD CDr00r00         [17]  198 	call	_alu_set_params
                                    199 ;zerkiolino_alu.h:30: *(volatile uint8_t *)(ALU_BASE + 8) = 1;
    000000B0 21 28 C0         [10]  200 	ld	hl, #0xc028
    000000B3 36 01            [10]  201 	ld	(hl), #0x01
                                    202 ;zerkiolino_alu.h:31: return alu_get_32(0x0A);
    000000B5 3E 0A            [ 7]  203 	ld	a, #0x0a
                                    204 ;zerkiolino_alu.h:32: }
    000000B7 C3r34r00         [10]  205 	jp	_alu_get_32
                                    206 ;zerkiolino_alu.h:34: static int32_t alu_sub(int32_t a, int32_t b) {
                                    207 ;	---------------------------------
                                    208 ; Function alu_sub
                                    209 ; ---------------------------------
    000000BA                        210 _alu_sub:
    000000BA 4D               [ 4]  211 	ld	c, l
    000000BB 44               [ 4]  212 	ld	b, h
                                    213 ;zerkiolino_alu.h:35: alu_set_params(a, b);
    000000BC FD 21 02 00      [14]  214 	ld	iy, #2
    000000C0 FD 39            [15]  215 	add	iy, sp
    000000C2 FD 6E 02         [19]  216 	ld	l, 2 (iy)
    000000C5 FD 66 03         [19]  217 	ld	h, 3 (iy)
    000000C8 E5               [11]  218 	push	hl
    000000C9 FD 6E 00         [19]  219 	ld	l, 0 (iy)
    000000CC FD 66 01         [19]  220 	ld	h, 1 (iy)
    000000CF E5               [11]  221 	push	hl
    000000D0 69               [ 4]  222 	ld	l, c
    000000D1 60               [ 4]  223 	ld	h, b
    000000D2 CDr00r00         [17]  224 	call	_alu_set_params
                                    225 ;zerkiolino_alu.h:36: *(volatile uint8_t *)(ALU_BASE + 8) = 2;
    000000D5 21 28 C0         [10]  226 	ld	hl, #0xc028
    000000D8 36 02            [10]  227 	ld	(hl), #0x02
                                    228 ;zerkiolino_alu.h:37: return alu_get_32(0x0A);
    000000DA 3E 0A            [ 7]  229 	ld	a, #0x0a
                                    230 ;zerkiolino_alu.h:38: }
    000000DC C3r34r00         [10]  231 	jp	_alu_get_32
                                    232 ;zerkiolino_alu.h:40: static int32_t alu_mul_fp(int32_t a, int32_t b) {
                                    233 ;	---------------------------------
                                    234 ; Function alu_mul_fp
                                    235 ; ---------------------------------
    000000DF                        236 _alu_mul_fp:
    000000DF 4D               [ 4]  237 	ld	c, l
    000000E0 44               [ 4]  238 	ld	b, h
                                    239 ;zerkiolino_alu.h:41: alu_set_params(a, b);
    000000E1 FD 21 02 00      [14]  240 	ld	iy, #2
    000000E5 FD 39            [15]  241 	add	iy, sp
    000000E7 FD 6E 02         [19]  242 	ld	l, 2 (iy)
    000000EA FD 66 03         [19]  243 	ld	h, 3 (iy)
    000000ED E5               [11]  244 	push	hl
    000000EE FD 6E 00         [19]  245 	ld	l, 0 (iy)
    000000F1 FD 66 01         [19]  246 	ld	h, 1 (iy)
    000000F4 E5               [11]  247 	push	hl
    000000F5 69               [ 4]  248 	ld	l, c
    000000F6 60               [ 4]  249 	ld	h, b
    000000F7 CDr00r00         [17]  250 	call	_alu_set_params
                                    251 ;zerkiolino_alu.h:42: *(volatile uint8_t *)(ALU_BASE + 8) = 3;
    000000FA 21 28 C0         [10]  252 	ld	hl, #0xc028
    000000FD 36 03            [10]  253 	ld	(hl), #0x03
                                    254 ;zerkiolino_alu.h:44: return alu_get_32(0x0C);
    000000FF 3E 0C            [ 7]  255 	ld	a, #0x0c
                                    256 ;zerkiolino_alu.h:45: }
    00000101 C3r34r00         [10]  257 	jp	_alu_get_32
                                    258 ;zerkiolino_alu.h:47: static int32_t alu_div(int32_t a, int32_t b) {
                                    259 ;	---------------------------------
                                    260 ; Function alu_div
                                    261 ; ---------------------------------
    00000104                        262 _alu_div:
    00000104 4D               [ 4]  263 	ld	c, l
    00000105 44               [ 4]  264 	ld	b, h
                                    265 ;zerkiolino_alu.h:48: if (b == 0) return 0;
    00000106 FD 21 02 00      [14]  266 	ld	iy, #2
    0000010A FD 39            [15]  267 	add	iy, sp
    0000010C FD 7E 03         [19]  268 	ld	a, 3 (iy)
    0000010F FD B6 02         [19]  269 	or	a, 2 (iy)
    00000112 FD B6 01         [19]  270 	or	a, 1 (iy)
    00000115 FD B6 00         [19]  271 	or	a, 0 (iy)
    00000118 20 06            [12]  272 	jr	NZ, 00102$
    0000011A 11 00 00         [10]  273 	ld	de, #0x0000
    0000011D 6B               [ 4]  274 	ld	l, e
    0000011E 63               [ 4]  275 	ld	h, e
    0000011F C9               [10]  276 	ret
    00000120                        277 00102$:
                                    278 ;zerkiolino_alu.h:49: alu_set_params(a, b);
    00000120 FD 21 02 00      [14]  279 	ld	iy, #2
    00000124 FD 39            [15]  280 	add	iy, sp
    00000126 FD 6E 02         [19]  281 	ld	l, 2 (iy)
    00000129 FD 66 03         [19]  282 	ld	h, 3 (iy)
    0000012C E5               [11]  283 	push	hl
    0000012D FD 6E 00         [19]  284 	ld	l, 0 (iy)
    00000130 FD 66 01         [19]  285 	ld	h, 1 (iy)
    00000133 E5               [11]  286 	push	hl
    00000134 69               [ 4]  287 	ld	l, c
    00000135 60               [ 4]  288 	ld	h, b
    00000136 CDr00r00         [17]  289 	call	_alu_set_params
                                    290 ;zerkiolino_alu.h:50: *(volatile uint8_t *)(ALU_BASE + 8) = 4;
    00000139 21 28 C0         [10]  291 	ld	hl, #0xc028
    0000013C 36 04            [10]  292 	ld	(hl), #0x04
                                    293 ;zerkiolino_alu.h:51: while(*(volatile uint8_t *)(ALU_BASE + 9) & 0x01); // Wait Busy
    0000013E                        294 00103$:
    0000013E 3A 29 C0         [13]  295 	ld	a, (#0xc029)
    00000141 0F               [ 4]  296 	rrca
    00000142 38 FA            [12]  297 	jr	C, 00103$
                                    298 ;zerkiolino_alu.h:52: return alu_get_32(0x0A);
    00000144 3E 0A            [ 7]  299 	ld	a, #0x0a
                                    300 ;zerkiolino_alu.h:53: }
    00000146 C3r34r00         [10]  301 	jp	_alu_get_32
                                    302 ;zerkiolino_alu.h:55: static int16_t alu_get_mod() {
                                    303 ;	---------------------------------
                                    304 ; Function alu_get_mod
                                    305 ; ---------------------------------
    00000149                        306 _alu_get_mod:
                                    307 ;zerkiolino_alu.h:57: uint16_t r = (uint16_t)p[0]; // Resto mappato su 0x0 e 0x1 in lettura
    00000149 21 20 C0         [10]  308 	ld	hl, #0xc020
    0000014C 4E               [ 7]  309 	ld	c, (hl)
                                    310 ;zerkiolino_alu.h:58: r |= (uint16_t)p[1] << 8;
    0000014D 21 21 C0         [10]  311 	ld	hl, #0xc021
    00000150 56               [ 7]  312 	ld	d, (hl)
    00000151 59               [ 4]  313 	ld	e, c
                                    314 ;zerkiolino_alu.h:59: return (int16_t)r;
                                    315 ;zerkiolino_alu.h:60: }
    00000152 C9               [10]  316 	ret
                                    317 ;zerkiolino_alu.h:62: static int32_t alu_shl(int32_t a, uint8_t sh) {
                                    318 ;	---------------------------------
                                    319 ; Function alu_shl
                                    320 ; ---------------------------------
    00000153                        321 _alu_shl:
    00000153 DD E5            [15]  322 	push	ix
    00000155 DD 21 00 00      [14]  323 	ld	ix,#0
    00000159 DD 39            [15]  324 	add	ix,sp
                                    325 ;zerkiolino_alu.h:63: alu_set_params(a, (int32_t)sh);
    0000015B DD 4E 04         [19]  326 	ld	c, 4 (ix)
    0000015E 06 00            [ 7]  327 	ld	b, #0x00
    00000160 FD 21 00 00      [14]  328 	ld	iy, #0x0000
    00000164 FD E5            [15]  329 	push	iy
    00000166 C5               [11]  330 	push	bc
    00000167 CDr00r00         [17]  331 	call	_alu_set_params
                                    332 ;zerkiolino_alu.h:64: *(volatile uint8_t *)(ALU_BASE + 8) = 5;
    0000016A 21 28 C0         [10]  333 	ld	hl, #0xc028
    0000016D 36 05            [10]  334 	ld	(hl), #0x05
                                    335 ;zerkiolino_alu.h:65: return alu_get_32(0x0A);
    0000016F 3E 0A            [ 7]  336 	ld	a, #0x0a
    00000171 CDr34r00         [17]  337 	call	_alu_get_32
                                    338 ;zerkiolino_alu.h:66: }
    00000174 DD E1            [14]  339 	pop	ix
    00000176 C9               [10]  340 	ret
                                    341 ;zerkiolino_alu.h:68: static int32_t alu_shr(int32_t a, uint8_t sh) {
                                    342 ;	---------------------------------
                                    343 ; Function alu_shr
                                    344 ; ---------------------------------
    00000177                        345 _alu_shr:
    00000177 DD E5            [15]  346 	push	ix
    00000179 DD 21 00 00      [14]  347 	ld	ix,#0
    0000017D DD 39            [15]  348 	add	ix,sp
                                    349 ;zerkiolino_alu.h:69: alu_set_params(a, (int32_t)sh);
    0000017F DD 4E 04         [19]  350 	ld	c, 4 (ix)
    00000182 06 00            [ 7]  351 	ld	b, #0x00
    00000184 FD 21 00 00      [14]  352 	ld	iy, #0x0000
    00000188 FD E5            [15]  353 	push	iy
    0000018A C5               [11]  354 	push	bc
    0000018B CDr00r00         [17]  355 	call	_alu_set_params
                                    356 ;zerkiolino_alu.h:70: *(volatile uint8_t *)(ALU_BASE + 8) = 6;
    0000018E 21 28 C0         [10]  357 	ld	hl, #0xc028
    00000191 36 06            [10]  358 	ld	(hl), #0x06
                                    359 ;zerkiolino_alu.h:71: return alu_get_32(0x0A);
    00000193 3E 0A            [ 7]  360 	ld	a, #0x0a
    00000195 CDr34r00         [17]  361 	call	_alu_get_32
                                    362 ;zerkiolino_alu.h:72: }
    00000198 DD E1            [14]  363 	pop	ix
    0000019A C9               [10]  364 	ret
                                    365 ;main.c:31: int16_t get_sin(uint8_t a) { return sin_lut[a]; }
                                    366 ;	---------------------------------
                                    367 ; Function get_sin
                                    368 ; ---------------------------------
    0000019B                        369 _get_sin::
    0000019B 6F               [ 4]  370 	ld	l, a
    0000019C 01rEFr01         [10]  371 	ld	bc, #_sin_lut+0
    0000019F 26 00            [ 7]  372 	ld	h, #0x00
    000001A1 29               [11]  373 	add	hl, hl
    000001A2 09               [11]  374 	add	hl, bc
    000001A3 5E               [ 7]  375 	ld	e, (hl)
    000001A4 23               [ 6]  376 	inc	hl
    000001A5 56               [ 7]  377 	ld	d, (hl)
    000001A6 C9               [10]  378 	ret
    000001A7                        379 _cube_vertices:
    000001A7 E0 FF                  380 	.dw #0xffe0
    000001A9 E0 FF                  381 	.dw #0xffe0
    000001AB 20 00                  382 	.dw #0x0020
    000001AD 20 00                  383 	.dw #0x0020
    000001AF E0 FF                  384 	.dw #0xffe0
    000001B1 20 00                  385 	.dw #0x0020
    000001B3 20 00                  386 	.dw #0x0020
    000001B5 20 00                  387 	.dw #0x0020
    000001B7 20 00                  388 	.dw #0x0020
    000001B9 E0 FF                  389 	.dw #0xffe0
    000001BB 20 00                  390 	.dw #0x0020
    000001BD 20 00                  391 	.dw #0x0020
    000001BF E0 FF                  392 	.dw #0xffe0
    000001C1 E0 FF                  393 	.dw #0xffe0
    000001C3 E0 FF                  394 	.dw #0xffe0
    000001C5 20 00                  395 	.dw #0x0020
    000001C7 E0 FF                  396 	.dw #0xffe0
    000001C9 E0 FF                  397 	.dw #0xffe0
    000001CB 20 00                  398 	.dw #0x0020
    000001CD 20 00                  399 	.dw #0x0020
    000001CF E0 FF                  400 	.dw #0xffe0
    000001D1 E0 FF                  401 	.dw #0xffe0
    000001D3 20 00                  402 	.dw #0x0020
    000001D5 E0 FF                  403 	.dw #0xffe0
    000001D7                        404 _edges:
    000001D7 00                     405 	.db #0x00	; 0
    000001D8 01                     406 	.db #0x01	; 1
    000001D9 01                     407 	.db #0x01	; 1
    000001DA 02                     408 	.db #0x02	; 2
    000001DB 02                     409 	.db #0x02	; 2
    000001DC 03                     410 	.db #0x03	; 3
    000001DD 03                     411 	.db #0x03	; 3
    000001DE 00                     412 	.db #0x00	; 0
    000001DF 04                     413 	.db #0x04	; 4
    000001E0 05                     414 	.db #0x05	; 5
    000001E1 05                     415 	.db #0x05	; 5
    000001E2 06                     416 	.db #0x06	; 6
    000001E3 06                     417 	.db #0x06	; 6
    000001E4 07                     418 	.db #0x07	; 7
    000001E5 07                     419 	.db #0x07	; 7
    000001E6 04                     420 	.db #0x04	; 4
    000001E7 00                     421 	.db #0x00	; 0
    000001E8 04                     422 	.db #0x04	; 4
    000001E9 01                     423 	.db #0x01	; 1
    000001EA 05                     424 	.db #0x05	; 5
    000001EB 02                     425 	.db #0x02	; 2
    000001EC 06                     426 	.db #0x06	; 6
    000001ED 03                     427 	.db #0x03	; 3
    000001EE 07                     428 	.db #0x07	; 7
    000001EF                        429 _sin_lut:
    000001EF 00 00                  430 	.dw #0x0000
    000001F1 06 00                  431 	.dw #0x0006
    000001F3 0D 00                  432 	.dw #0x000d
    000001F5 13 00                  433 	.dw #0x0013
    000001F7 19 00                  434 	.dw #0x0019
    000001F9 1F 00                  435 	.dw #0x001f
    000001FB 26 00                  436 	.dw #0x0026
    000001FD 2C 00                  437 	.dw #0x002c
    000001FF 32 00                  438 	.dw #0x0032
    00000201 38 00                  439 	.dw #0x0038
    00000203 3E 00                  440 	.dw #0x003e
    00000205 44 00                  441 	.dw #0x0044
    00000207 4A 00                  442 	.dw #0x004a
    00000209 50 00                  443 	.dw #0x0050
    0000020B 56 00                  444 	.dw #0x0056
    0000020D 5C 00                  445 	.dw #0x005c
    0000020F 62 00                  446 	.dw #0x0062
    00000211 67 00                  447 	.dw #0x0067
    00000213 6D 00                  448 	.dw #0x006d
    00000215 73 00                  449 	.dw #0x0073
    00000217 78 00                  450 	.dw #0x0078
    00000219 7E 00                  451 	.dw #0x007e
    0000021B 83 00                  452 	.dw #0x0083
    0000021D 88 00                  453 	.dw #0x0088
    0000021F 8E 00                  454 	.dw #0x008e
    00000221 93 00                  455 	.dw #0x0093
    00000223 98 00                  456 	.dw #0x0098
    00000225 9D 00                  457 	.dw #0x009d
    00000227 A2 00                  458 	.dw #0x00a2
    00000229 A7 00                  459 	.dw #0x00a7
    0000022B AB 00                  460 	.dw #0x00ab
    0000022D B0 00                  461 	.dw #0x00b0
    0000022F B4 00                  462 	.dw #0x00b4
    00000231 B9 00                  463 	.dw #0x00b9
    00000233 BD 00                  464 	.dw #0x00bd
    00000235 C1 00                  465 	.dw #0x00c1
    00000237 C5 00                  466 	.dw #0x00c5
    00000239 C9 00                  467 	.dw #0x00c9
    0000023B CD 00                  468 	.dw #0x00cd
    0000023D D0 00                  469 	.dw #0x00d0
    0000023F D4 00                  470 	.dw #0x00d4
    00000241 D7 00                  471 	.dw #0x00d7
    00000243 DB 00                  472 	.dw #0x00db
    00000245 DE 00                  473 	.dw #0x00de
    00000247 E1 00                  474 	.dw #0x00e1
    00000249 E4 00                  475 	.dw #0x00e4
    0000024B E7 00                  476 	.dw #0x00e7
    0000024D E9 00                  477 	.dw #0x00e9
    0000024F EC 00                  478 	.dw #0x00ec
    00000251 EE 00                  479 	.dw #0x00ee
    00000253 F0 00                  480 	.dw #0x00f0
    00000255 F2 00                  481 	.dw #0x00f2
    00000257 F4 00                  482 	.dw #0x00f4
    00000259 F6 00                  483 	.dw #0x00f6
    0000025B F7 00                  484 	.dw #0x00f7
    0000025D F9 00                  485 	.dw #0x00f9
    0000025F FA 00                  486 	.dw #0x00fa
    00000261 FB 00                  487 	.dw #0x00fb
    00000263 FC 00                  488 	.dw #0x00fc
    00000265 FD 00                  489 	.dw #0x00fd
    00000267 FE 00                  490 	.dw #0x00fe
    00000269 FE 00                  491 	.dw #0x00fe
    0000026B FF 00                  492 	.dw #0x00ff
    0000026D FF 00                  493 	.dw #0x00ff
    0000026F 00 01                  494 	.dw #0x0100
    00000271 FF 00                  495 	.dw #0x00ff
    00000273 FF 00                  496 	.dw #0x00ff
    00000275 FE 00                  497 	.dw #0x00fe
    00000277 FE 00                  498 	.dw #0x00fe
    00000279 FD 00                  499 	.dw #0x00fd
    0000027B FC 00                  500 	.dw #0x00fc
    0000027D FB 00                  501 	.dw #0x00fb
    0000027F FA 00                  502 	.dw #0x00fa
    00000281 F9 00                  503 	.dw #0x00f9
    00000283 F7 00                  504 	.dw #0x00f7
    00000285 F6 00                  505 	.dw #0x00f6
    00000287 F4 00                  506 	.dw #0x00f4
    00000289 F2 00                  507 	.dw #0x00f2
    0000028B F0 00                  508 	.dw #0x00f0
    0000028D EE 00                  509 	.dw #0x00ee
    0000028F EC 00                  510 	.dw #0x00ec
    00000291 E9 00                  511 	.dw #0x00e9
    00000293 E7 00                  512 	.dw #0x00e7
    00000295 E4 00                  513 	.dw #0x00e4
    00000297 E1 00                  514 	.dw #0x00e1
    00000299 DE 00                  515 	.dw #0x00de
    0000029B DB 00                  516 	.dw #0x00db
    0000029D D7 00                  517 	.dw #0x00d7
    0000029F D4 00                  518 	.dw #0x00d4
    000002A1 D0 00                  519 	.dw #0x00d0
    000002A3 CD 00                  520 	.dw #0x00cd
    000002A5 C9 00                  521 	.dw #0x00c9
    000002A7 C5 00                  522 	.dw #0x00c5
    000002A9 C1 00                  523 	.dw #0x00c1
    000002AB BD 00                  524 	.dw #0x00bd
    000002AD B9 00                  525 	.dw #0x00b9
    000002AF B4 00                  526 	.dw #0x00b4
    000002B1 B0 00                  527 	.dw #0x00b0
    000002B3 AB 00                  528 	.dw #0x00ab
    000002B5 A7 00                  529 	.dw #0x00a7
    000002B7 A2 00                  530 	.dw #0x00a2
    000002B9 9D 00                  531 	.dw #0x009d
    000002BB 98 00                  532 	.dw #0x0098
    000002BD 93 00                  533 	.dw #0x0093
    000002BF 8E 00                  534 	.dw #0x008e
    000002C1 88 00                  535 	.dw #0x0088
    000002C3 83 00                  536 	.dw #0x0083
    000002C5 7E 00                  537 	.dw #0x007e
    000002C7 78 00                  538 	.dw #0x0078
    000002C9 73 00                  539 	.dw #0x0073
    000002CB 6D 00                  540 	.dw #0x006d
    000002CD 67 00                  541 	.dw #0x0067
    000002CF 62 00                  542 	.dw #0x0062
    000002D1 5C 00                  543 	.dw #0x005c
    000002D3 56 00                  544 	.dw #0x0056
    000002D5 50 00                  545 	.dw #0x0050
    000002D7 4A 00                  546 	.dw #0x004a
    000002D9 44 00                  547 	.dw #0x0044
    000002DB 3E 00                  548 	.dw #0x003e
    000002DD 38 00                  549 	.dw #0x0038
    000002DF 32 00                  550 	.dw #0x0032
    000002E1 2C 00                  551 	.dw #0x002c
    000002E3 26 00                  552 	.dw #0x0026
    000002E5 1F 00                  553 	.dw #0x001f
    000002E7 19 00                  554 	.dw #0x0019
    000002E9 13 00                  555 	.dw #0x0013
    000002EB 0D 00                  556 	.dw #0x000d
    000002ED 06 00                  557 	.dw #0x0006
    000002EF 00 00                  558 	.dw #0x0000
    000002F1 FA FF                  559 	.dw #0xfffa
    000002F3 F3 FF                  560 	.dw #0xfff3
    000002F5 ED FF                  561 	.dw #0xffed
    000002F7 E7 FF                  562 	.dw #0xffe7
    000002F9 E1 FF                  563 	.dw #0xffe1
    000002FB DA FF                  564 	.dw #0xffda
    000002FD D4 FF                  565 	.dw #0xffd4
    000002FF CE FF                  566 	.dw #0xffce
    00000301 C8 FF                  567 	.dw #0xffc8
    00000303 C2 FF                  568 	.dw #0xffc2
    00000305 BC FF                  569 	.dw #0xffbc
    00000307 B6 FF                  570 	.dw #0xffb6
    00000309 B0 FF                  571 	.dw #0xffb0
    0000030B AA FF                  572 	.dw #0xffaa
    0000030D A4 FF                  573 	.dw #0xffa4
    0000030F 9E FF                  574 	.dw #0xff9e
    00000311 99 FF                  575 	.dw #0xff99
    00000313 93 FF                  576 	.dw #0xff93
    00000315 8D FF                  577 	.dw #0xff8d
    00000317 88 FF                  578 	.dw #0xff88
    00000319 82 FF                  579 	.dw #0xff82
    0000031B 7D FF                  580 	.dw #0xff7d
    0000031D 78 FF                  581 	.dw #0xff78
    0000031F 72 FF                  582 	.dw #0xff72
    00000321 6D FF                  583 	.dw #0xff6d
    00000323 68 FF                  584 	.dw #0xff68
    00000325 63 FF                  585 	.dw #0xff63
    00000327 5E FF                  586 	.dw #0xff5e
    00000329 59 FF                  587 	.dw #0xff59
    0000032B 55 FF                  588 	.dw #0xff55
    0000032D 50 FF                  589 	.dw #0xff50
    0000032F 4C FF                  590 	.dw #0xff4c
    00000331 47 FF                  591 	.dw #0xff47
    00000333 43 FF                  592 	.dw #0xff43
    00000335 3F FF                  593 	.dw #0xff3f
    00000337 3B FF                  594 	.dw #0xff3b
    00000339 37 FF                  595 	.dw #0xff37
    0000033B 33 FF                  596 	.dw #0xff33
    0000033D 30 FF                  597 	.dw #0xff30
    0000033F 2C FF                  598 	.dw #0xff2c
    00000341 29 FF                  599 	.dw #0xff29
    00000343 25 FF                  600 	.dw #0xff25
    00000345 22 FF                  601 	.dw #0xff22
    00000347 1F FF                  602 	.dw #0xff1f
    00000349 1C FF                  603 	.dw #0xff1c
    0000034B 19 FF                  604 	.dw #0xff19
    0000034D 17 FF                  605 	.dw #0xff17
    0000034F 14 FF                  606 	.dw #0xff14
    00000351 12 FF                  607 	.dw #0xff12
    00000353 10 FF                  608 	.dw #0xff10
    00000355 0E FF                  609 	.dw #0xff0e
    00000357 0C FF                  610 	.dw #0xff0c
    00000359 0A FF                  611 	.dw #0xff0a
    0000035B 09 FF                  612 	.dw #0xff09
    0000035D 07 FF                  613 	.dw #0xff07
    0000035F 06 FF                  614 	.dw #0xff06
    00000361 05 FF                  615 	.dw #0xff05
    00000363 04 FF                  616 	.dw #0xff04
    00000365 03 FF                  617 	.dw #0xff03
    00000367 02 FF                  618 	.dw #0xff02
    00000369 02 FF                  619 	.dw #0xff02
    0000036B 01 FF                  620 	.dw #0xff01
    0000036D 01 FF                  621 	.dw #0xff01
    0000036F 00 FF                  622 	.dw #0xff00
    00000371 01 FF                  623 	.dw #0xff01
    00000373 01 FF                  624 	.dw #0xff01
    00000375 02 FF                  625 	.dw #0xff02
    00000377 02 FF                  626 	.dw #0xff02
    00000379 03 FF                  627 	.dw #0xff03
    0000037B 04 FF                  628 	.dw #0xff04
    0000037D 05 FF                  629 	.dw #0xff05
    0000037F 06 FF                  630 	.dw #0xff06
    00000381 07 FF                  631 	.dw #0xff07
    00000383 09 FF                  632 	.dw #0xff09
    00000385 0A FF                  633 	.dw #0xff0a
    00000387 0C FF                  634 	.dw #0xff0c
    00000389 0E FF                  635 	.dw #0xff0e
    0000038B 10 FF                  636 	.dw #0xff10
    0000038D 12 FF                  637 	.dw #0xff12
    0000038F 14 FF                  638 	.dw #0xff14
    00000391 17 FF                  639 	.dw #0xff17
    00000393 19 FF                  640 	.dw #0xff19
    00000395 1C FF                  641 	.dw #0xff1c
    00000397 1F FF                  642 	.dw #0xff1f
    00000399 22 FF                  643 	.dw #0xff22
    0000039B 25 FF                  644 	.dw #0xff25
    0000039D 29 FF                  645 	.dw #0xff29
    0000039F 2C FF                  646 	.dw #0xff2c
    000003A1 30 FF                  647 	.dw #0xff30
    000003A3 33 FF                  648 	.dw #0xff33
    000003A5 37 FF                  649 	.dw #0xff37
    000003A7 3B FF                  650 	.dw #0xff3b
    000003A9 3F FF                  651 	.dw #0xff3f
    000003AB 43 FF                  652 	.dw #0xff43
    000003AD 47 FF                  653 	.dw #0xff47
    000003AF 4C FF                  654 	.dw #0xff4c
    000003B1 50 FF                  655 	.dw #0xff50
    000003B3 55 FF                  656 	.dw #0xff55
    000003B5 59 FF                  657 	.dw #0xff59
    000003B7 5E FF                  658 	.dw #0xff5e
    000003B9 63 FF                  659 	.dw #0xff63
    000003BB 68 FF                  660 	.dw #0xff68
    000003BD 6D FF                  661 	.dw #0xff6d
    000003BF 72 FF                  662 	.dw #0xff72
    000003C1 78 FF                  663 	.dw #0xff78
    000003C3 7D FF                  664 	.dw #0xff7d
    000003C5 82 FF                  665 	.dw #0xff82
    000003C7 88 FF                  666 	.dw #0xff88
    000003C9 8D FF                  667 	.dw #0xff8d
    000003CB 93 FF                  668 	.dw #0xff93
    000003CD 99 FF                  669 	.dw #0xff99
    000003CF 9E FF                  670 	.dw #0xff9e
    000003D1 A4 FF                  671 	.dw #0xffa4
    000003D3 AA FF                  672 	.dw #0xffaa
    000003D5 B0 FF                  673 	.dw #0xffb0
    000003D7 B6 FF                  674 	.dw #0xffb6
    000003D9 BC FF                  675 	.dw #0xffbc
    000003DB C2 FF                  676 	.dw #0xffc2
    000003DD C8 FF                  677 	.dw #0xffc8
    000003DF CE FF                  678 	.dw #0xffce
    000003E1 D4 FF                  679 	.dw #0xffd4
    000003E3 DA FF                  680 	.dw #0xffda
    000003E5 E1 FF                  681 	.dw #0xffe1
    000003E7 E7 FF                  682 	.dw #0xffe7
    000003E9 ED FF                  683 	.dw #0xffed
    000003EB F3 FF                  684 	.dw #0xfff3
    000003ED FA FF                  685 	.dw #0xfffa
                                    686 ;main.c:32: int16_t get_cos(uint8_t a) { return sin_lut[(uint8_t)(a + 64)]; }
                                    687 ;	---------------------------------
                                    688 ; Function get_cos
                                    689 ; ---------------------------------
    000003EF                        690 _get_cos::
    000003EF 01rEFr01         [10]  691 	ld	bc, #_sin_lut+0
    000003F2 C6 40            [ 7]  692 	add	a, #0x40
    000003F4 6F               [ 4]  693 	ld	l, a
    000003F5 26 00            [ 7]  694 	ld	h, #0x00
    000003F7 29               [11]  695 	add	hl, hl
    000003F8 09               [11]  696 	add	hl, bc
    000003F9 5E               [ 7]  697 	ld	e, (hl)
    000003FA 23               [ 6]  698 	inc	hl
    000003FB 56               [ 7]  699 	ld	d, (hl)
    000003FC C9               [10]  700 	ret
                                    701 ;main.c:39: void update_cube(uint8_t angle_x, uint8_t angle_y) {
                                    702 ;	---------------------------------
                                    703 ; Function update_cube
                                    704 ; ---------------------------------
    000003FD                        705 _update_cube::
    000003FD DD E5            [15]  706 	push	ix
    000003FF DD 21 00 00      [14]  707 	ld	ix,#0
    00000403 DD 39            [15]  708 	add	ix,sp
    00000405 FD 21 E1 FF      [14]  709 	ld	iy, #-31
    00000409 FD 39            [15]  710 	add	iy, sp
    0000040B FD F9            [10]  711 	ld	sp, iy
    0000040D 67               [ 4]  712 	ld	h, a
                                    713 ;main.c:43: int16_t s_x = get_sin(angle_x);
    0000040E E5               [11]  714 	push	hl
    0000040F 7C               [ 4]  715 	ld	a, h
    00000410 CDr9Br01         [17]  716 	call	_get_sin
    00000413 DD 73 F1         [19]  717 	ld	-15 (ix), e
    00000416 DD 72 F2         [19]  718 	ld	-14 (ix), d
    00000419 E1               [10]  719 	pop	hl
                                    720 ;main.c:44: int16_t c_x = get_cos(angle_x);
    0000041A E5               [11]  721 	push	hl
    0000041B 7C               [ 4]  722 	ld	a, h
    0000041C CDrEFr03         [17]  723 	call	_get_cos
    0000041F DD 73 F3         [19]  724 	ld	-13 (ix), e
    00000422 DD 72 F4         [19]  725 	ld	-12 (ix), d
    00000425 E1               [10]  726 	pop	hl
                                    727 ;main.c:45: int16_t s_y = get_sin(angle_y);
    00000426 E5               [11]  728 	push	hl
    00000427 7D               [ 4]  729 	ld	a, l
    00000428 CDr9Br01         [17]  730 	call	_get_sin
    0000042B DD 73 F5         [19]  731 	ld	-11 (ix), e
    0000042E DD 72 F6         [19]  732 	ld	-10 (ix), d
    00000431 E1               [10]  733 	pop	hl
                                    734 ;main.c:46: int16_t c_y = get_cos(angle_y);
    00000432 7D               [ 4]  735 	ld	a, l
    00000433 CDrEFr03         [17]  736 	call	_get_cos
    00000436 DD 73 F7         [19]  737 	ld	-9 (ix), e
    00000439 DD 72 F8         [19]  738 	ld	-8 (ix), d
                                    739 ;main.c:48: for(uint8_t i = 0; i < 8; i++) {
    0000043C DD 36 FF 00      [19]  740 	ld	-1 (ix), #0x00
    00000440                        741 00108$:
    00000440 DD 7E FF         [19]  742 	ld	a, -1 (ix)
    00000443 D6 08            [ 7]  743 	sub	a, #0x08
    00000445 D2r71r05         [10]  744 	jp	NC, 00101$
                                    745 ;main.c:50: int16_t y_rot = (cube_vertices[i].y * c_x - cube_vertices[i].z * s_x) >> 8;
    00000448 DD 4E FF         [19]  746 	ld	c, -1 (ix)
    0000044B 06 00            [ 7]  747 	ld	b, #0x00
    0000044D 69               [ 4]  748 	ld	l, c
    0000044E 60               [ 4]  749 	ld	h, b
    0000044F 29               [11]  750 	add	hl, hl
    00000450 09               [11]  751 	add	hl, bc
    00000451 29               [11]  752 	add	hl, hl
    00000452 11rA7r01         [10]  753 	ld	de, #_cube_vertices
    00000455 19               [11]  754 	add	hl, de
    00000456 DD 75 F9         [19]  755 	ld	-7 (ix), l
    00000459 DD 74 FA         [19]  756 	ld	-6 (ix), h
    0000045C 23               [ 6]  757 	inc	hl
    0000045D 23               [ 6]  758 	inc	hl
    0000045E 4E               [ 7]  759 	ld	c, (hl)
    0000045F 23               [ 6]  760 	inc	hl
    00000460 46               [ 7]  761 	ld	b, (hl)
    00000461 C5               [11]  762 	push	bc
    00000462 DD 5E F3         [19]  763 	ld	e, -13 (ix)
    00000465 DD 56 F4         [19]  764 	ld	d, -12 (ix)
    00000468 69               [ 4]  765 	ld	l, c
    00000469 60               [ 4]  766 	ld	h, b
    0000046A CDr00r00         [17]  767 	call	__mulint
    0000046D DD 73 FD         [19]  768 	ld	-3 (ix), e
    00000470 DD 72 FE         [19]  769 	ld	-2 (ix), d
    00000473 C1               [10]  770 	pop	bc
    00000474 DD 5E F9         [19]  771 	ld	e, -7 (ix)
    00000477 DD 56 FA         [19]  772 	ld	d, -6 (ix)
    0000047A 21 04 00         [10]  773 	ld	hl, #4
    0000047D 19               [11]  774 	add	hl, de
    0000047E 7E               [ 7]  775 	ld	a, (hl)
    0000047F 23               [ 6]  776 	inc	hl
    00000480 66               [ 7]  777 	ld	h, (hl)
    00000481 6F               [ 4]  778 	ld	l, a
    00000482 E5               [11]  779 	push	hl
    00000483 C5               [11]  780 	push	bc
    00000484 DD 5E F1         [19]  781 	ld	e, -15 (ix)
    00000487 DD 56 F2         [19]  782 	ld	d, -14 (ix)
    0000048A CDr00r00         [17]  783 	call	__mulint
    0000048D C1               [10]  784 	pop	bc
    0000048E E1               [10]  785 	pop	hl
    0000048F DD 7E FD         [19]  786 	ld	a, -3 (ix)
    00000492 93               [ 4]  787 	sub	a, e
    00000493 DD 7E FE         [19]  788 	ld	a, -2 (ix)
    00000496 9A               [ 4]  789 	sbc	a, d
    00000497 57               [ 4]  790 	ld	d, a
    00000498 DD 72 FB         [19]  791 	ld	-5 (ix), d
    0000049B 7A               [ 4]  792 	ld	a, d
    0000049C 07               [ 4]  793 	rlca
    0000049D 9F               [ 4]  794 	sbc	a, a
    0000049E DD 77 FC         [19]  795 	ld	-4 (ix), a
                                    796 ;main.c:51: int16_t z_tmp = (cube_vertices[i].y * s_x + cube_vertices[i].z * c_x) >> 8;
    000004A1 E5               [11]  797 	push	hl
    000004A2 DD 5E F1         [19]  798 	ld	e, -15 (ix)
    000004A5 DD 56 F2         [19]  799 	ld	d, -14 (ix)
    000004A8 69               [ 4]  800 	ld	l, c
    000004A9 60               [ 4]  801 	ld	h, b
    000004AA CDr00r00         [17]  802 	call	__mulint
    000004AD 4B               [ 4]  803 	ld	c, e
    000004AE 42               [ 4]  804 	ld	b, d
    000004AF E1               [10]  805 	pop	hl
    000004B0 C5               [11]  806 	push	bc
    000004B1 DD 5E F3         [19]  807 	ld	e, -13 (ix)
    000004B4 DD 56 F4         [19]  808 	ld	d, -12 (ix)
    000004B7 CDr00r00         [17]  809 	call	__mulint
    000004BA C1               [10]  810 	pop	bc
    000004BB EB               [ 4]  811 	ex	de, hl
    000004BC 09               [11]  812 	add	hl, bc
    000004BD DD 74 FD         [19]  813 	ld	-3 (ix), h
    000004C0 7C               [ 4]  814 	ld	a, h
    000004C1 07               [ 4]  815 	rlca
    000004C2 9F               [ 4]  816 	sbc	a, a
    000004C3 DD 77 FE         [19]  817 	ld	-2 (ix), a
                                    818 ;main.c:54: int16_t x_rot = (cube_vertices[i].x * c_y + z_tmp * s_y) >> 8;
    000004C6 DD 6E F9         [19]  819 	ld	l, -7 (ix)
    000004C9 DD 66 FA         [19]  820 	ld	h, -6 (ix)
    000004CC 4E               [ 7]  821 	ld	c, (hl)
    000004CD 23               [ 6]  822 	inc	hl
    000004CE 46               [ 7]  823 	ld	b, (hl)
    000004CF C5               [11]  824 	push	bc
    000004D0 DD 5E F7         [19]  825 	ld	e, -9 (ix)
    000004D3 DD 56 F8         [19]  826 	ld	d, -8 (ix)
    000004D6 69               [ 4]  827 	ld	l, c
    000004D7 60               [ 4]  828 	ld	h, b
    000004D8 CDr00r00         [17]  829 	call	__mulint
    000004DB EB               [ 4]  830 	ex	de, hl
    000004DC C1               [10]  831 	pop	bc
    000004DD E5               [11]  832 	push	hl
    000004DE C5               [11]  833 	push	bc
    000004DF DD 5E F5         [19]  834 	ld	e, -11 (ix)
    000004E2 DD 56 F6         [19]  835 	ld	d, -10 (ix)
    000004E5 DD 6E FD         [19]  836 	ld	l, -3 (ix)
    000004E8 DD 66 FE         [19]  837 	ld	h, -2 (ix)
    000004EB CDr00r00         [17]  838 	call	__mulint
    000004EE C1               [10]  839 	pop	bc
    000004EF E1               [10]  840 	pop	hl
    000004F0 19               [11]  841 	add	hl, de
    000004F1 6C               [ 4]  842 	ld	l, h
    000004F2 7D               [ 4]  843 	ld	a, l
    000004F3 07               [ 4]  844 	rlca
    000004F4 9F               [ 4]  845 	sbc	a, a
    000004F5 67               [ 4]  846 	ld	h, a
                                    847 ;main.c:55: int16_t z_rot = (-cube_vertices[i].x * s_y + z_tmp * c_y) >> 8;
    000004F6 AF               [ 4]  848 	xor	a, a
    000004F7 91               [ 4]  849 	sub	a, c
    000004F8 4F               [ 4]  850 	ld	c, a
    000004F9 9F               [ 4]  851 	sbc	a, a
    000004FA 90               [ 4]  852 	sub	a, b
    000004FB E5               [11]  853 	push	hl
    000004FC DD 5E F5         [19]  854 	ld	e, -11 (ix)
    000004FF DD 56 F6         [19]  855 	ld	d, -10 (ix)
    00000502 69               [ 4]  856 	ld	l, c
    00000503 67               [ 4]  857 	ld	h, a
    00000504 CDr00r00         [17]  858 	call	__mulint
    00000507 D5               [11]  859 	push	de
    00000508 DD 5E F7         [19]  860 	ld	e, -9 (ix)
    0000050B DD 56 F8         [19]  861 	ld	d, -8 (ix)
    0000050E DD 6E FD         [19]  862 	ld	l, -3 (ix)
    00000511 DD 66 FE         [19]  863 	ld	h, -2 (ix)
    00000514 CDr00r00         [17]  864 	call	__mulint
    00000517 C1               [10]  865 	pop	bc
    00000518 E1               [10]  866 	pop	hl
    00000519 7B               [ 4]  867 	ld	a, e
    0000051A 81               [ 4]  868 	add	a, c
    0000051B 7A               [ 4]  869 	ld	a, d
    0000051C 88               [ 4]  870 	adc	a, b
    0000051D 5F               [ 4]  871 	ld	e, a
    0000051E 07               [ 4]  872 	rlca
    0000051F 9F               [ 4]  873 	sbc	a, a
    00000520 57               [ 4]  874 	ld	d, a
                                    875 ;main.c:58: z_rot += 128; 
    00000521 7B               [ 4]  876 	ld	a, e
    00000522 C6 80            [ 7]  877 	add	a, #0x80
    00000524 5F               [ 4]  878 	ld	e, a
    00000525 30 01            [12]  879 	jr	NC, 00188$
    00000527 14               [ 4]  880 	inc	d
    00000528                        881 00188$:
                                    882 ;main.c:59: new_projected[i].x = 80 + (x_rot * 64 / z_rot);
    00000528 DD 4E FF         [19]  883 	ld	c, -1 (ix)
    0000052B 06 00            [ 7]  884 	ld	b, #0x00
    0000052D CB 21            [ 8]  885 	sla	c
    0000052F CB 10            [ 8]  886 	rl	b
    00000531 FD 21 00 00      [14]  887 	ld	iy, #0
    00000535 FD 39            [15]  888 	add	iy, sp
    00000537 FD 09            [15]  889 	add	iy, bc
    00000539 FD E5            [15]  890 	push	iy
    0000053B C1               [10]  891 	pop	bc
    0000053C 29               [11]  892 	add	hl, hl
    0000053D 29               [11]  893 	add	hl, hl
    0000053E 29               [11]  894 	add	hl, hl
    0000053F 29               [11]  895 	add	hl, hl
    00000540 29               [11]  896 	add	hl, hl
    00000541 29               [11]  897 	add	hl, hl
    00000542 C5               [11]  898 	push	bc
    00000543 D5               [11]  899 	push	de
    00000544 FD E5            [15]  900 	push	iy
    00000546 CDr00r00         [17]  901 	call	__divsint
    00000549 EB               [ 4]  902 	ex	de, hl
    0000054A FD E1            [14]  903 	pop	iy
    0000054C D1               [10]  904 	pop	de
    0000054D C1               [10]  905 	pop	bc
    0000054E 7D               [ 4]  906 	ld	a, l
    0000054F C6 50            [ 7]  907 	add	a, #0x50
    00000551 02               [ 7]  908 	ld	(bc), a
                                    909 ;main.c:60: new_projected[i].y = 60 + (y_rot * 64 / z_rot);
    00000552 FD E5            [15]  910 	push	iy
    00000554 C1               [10]  911 	pop	bc
    00000555 03               [ 6]  912 	inc	bc
    00000556 DD 6E FB         [19]  913 	ld	l, -5 (ix)
    00000559 DD 66 FC         [19]  914 	ld	h, -4 (ix)
    0000055C 29               [11]  915 	add	hl, hl
    0000055D 29               [11]  916 	add	hl, hl
    0000055E 29               [11]  917 	add	hl, hl
    0000055F 29               [11]  918 	add	hl, hl
    00000560 29               [11]  919 	add	hl, hl
    00000561 29               [11]  920 	add	hl, hl
    00000562 C5               [11]  921 	push	bc
    00000563 CDr00r00         [17]  922 	call	__divsint
    00000566 C1               [10]  923 	pop	bc
    00000567 7B               [ 4]  924 	ld	a, e
    00000568 C6 3C            [ 7]  925 	add	a, #0x3c
    0000056A 02               [ 7]  926 	ld	(bc), a
                                    927 ;main.c:48: for(uint8_t i = 0; i < 8; i++) {
    0000056B DD 34 FF         [23]  928 	inc	-1 (ix)
    0000056E C3r40r04         [10]  929 	jp	00108$
    00000571                        930 00101$:
                                    931 ;main.c:63: if (!first_frame) {
    00000571 3Ar00r00         [13]  932 	ld	a, (_first_frame+0)
    00000574 B7               [ 4]  933 	or	a, a
    00000575 20 65            [12]  934 	jr	NZ, 00127$
                                    935 ;main.c:64: for(uint8_t i=0; i<12; i++) {
    00000577 DD 36 FF 00      [19]  936 	ld	-1 (ix), #0x00
    0000057B                        937 00111$:
    0000057B DD 7E FF         [19]  938 	ld	a, -1 (ix)
    0000057E D6 0C            [ 7]  939 	sub	a, #0x0c
    00000580 30 5A            [12]  940 	jr	NC, 00127$
                                    941 ;main.c:67: old_projected[edges[i][1]].x, old_projected[edges[i][1]].y,
    00000582 DD 5E FF         [19]  942 	ld	e, -1 (ix)
    00000585 16 00            [ 7]  943 	ld	d, #0x00
    00000587 EB               [ 4]  944 	ex	de, hl
    00000588 29               [11]  945 	add	hl, hl
    00000589 11rD7r01         [10]  946 	ld	de, #_edges
    0000058C 19               [11]  947 	add	hl, de
    0000058D 5D               [ 4]  948 	ld	e, l
    0000058E 54               [ 4]  949 	ld	d, h
    0000058F 23               [ 6]  950 	inc	hl
    00000590 6E               [ 7]  951 	ld	l, (hl)
    00000591 26 00            [ 7]  952 	ld	h, #0x00
    00000593 29               [11]  953 	add	hl, hl
    00000594 7D               [ 4]  954 	ld	a, l
    00000595 C6r00            [ 7]  955 	add	a, #<(_old_projected)
    00000597 4F               [ 4]  956 	ld	c, a
    00000598 7C               [ 4]  957 	ld	a, h
    00000599 CEs00            [ 7]  958 	adc	a, #>(_old_projected)
    0000059B 47               [ 4]  959 	ld	b, a
    0000059C 69               [ 4]  960 	ld	l, c
    0000059D 60               [ 4]  961 	ld	h, b
    0000059E 23               [ 6]  962 	inc	hl
    0000059F 7E               [ 7]  963 	ld	a, (hl)
    000005A0 DD 77 FB         [19]  964 	ld	-5 (ix), a
    000005A3 DD 36 FC 00      [19]  965 	ld	-4 (ix), #0x00
    000005A7 0A               [ 7]  966 	ld	a, (bc)
    000005A8 DD 77 FD         [19]  967 	ld	-3 (ix), a
    000005AB DD 36 FE 00      [19]  968 	ld	-2 (ix), #0x00
                                    969 ;main.c:66: old_projected[edges[i][0]].x, old_projected[edges[i][0]].y,
    000005AF 1A               [ 7]  970 	ld	a, (de)
    000005B0 6F               [ 4]  971 	ld	l, a
    000005B1 26 00            [ 7]  972 	ld	h, #0x00
    000005B3 29               [11]  973 	add	hl, hl
    000005B4 4D               [ 4]  974 	ld	c, l
    000005B5 44               [ 4]  975 	ld	b, h
    000005B6 21r01r00         [10]  976 	ld	hl,#_old_projected + 1
    000005B9 09               [11]  977 	add	hl,bc
    000005BA 5E               [ 7]  978 	ld	e, (hl)
    000005BB 16 00            [ 7]  979 	ld	d, #0x00
    000005BD 21r00r00         [10]  980 	ld	hl, #_old_projected
    000005C0 09               [11]  981 	add	hl, bc
    000005C1 6E               [ 7]  982 	ld	l, (hl)
    000005C2 26 00            [ 7]  983 	ld	h, #0x00
    000005C4 01 00 00         [10]  984 	ld	bc, #0x0000
    000005C7 C5               [11]  985 	push	bc
    000005C8 DD 4E FB         [19]  986 	ld	c, -5 (ix)
    000005CB 06 00            [ 7]  987 	ld	b, #0x00
    000005CD C5               [11]  988 	push	bc
    000005CE DD 4E FD         [19]  989 	ld	c, -3 (ix)
    000005D1 06 00            [ 7]  990 	ld	b, #0x00
    000005D3 C5               [11]  991 	push	bc
    000005D4 CDr00r00         [17]  992 	call	_vga_drawLine
                                    993 ;main.c:64: for(uint8_t i=0; i<12; i++) {
    000005D7 DD 34 FF         [23]  994 	inc	-1 (ix)
    000005DA 18 9F            [12]  995 	jr	00111$
                                    996 ;main.c:74: for(uint8_t i=0; i<12; i++) {
    000005DC                        997 00127$:
    000005DC DD 36 FF 00      [19]  998 	ld	-1 (ix), #0x00
    000005E0                        999 00114$:
    000005E0 DD 7E FF         [19] 1000 	ld	a, -1 (ix)
    000005E3 D6 0C            [ 7] 1001 	sub	a, #0x0c
    000005E5 30 5F            [12] 1002 	jr	NC, 00105$
                                   1003 ;main.c:77: new_projected[edges[i][1]].x, new_projected[edges[i][1]].y,
    000005E7 DD 6E FF         [19] 1004 	ld	l, -1 (ix)
    000005EA 26 00            [ 7] 1005 	ld	h, #0x00
    000005EC 29               [11] 1006 	add	hl, hl
    000005ED FD 21rD7r01      [14] 1007 	ld	iy, #_edges
    000005F1 EB               [ 4] 1008 	ex	de, hl
    000005F2 FD 19            [15] 1009 	add	iy, de
    000005F4 FD E5            [15] 1010 	push	iy
    000005F6 E1               [10] 1011 	pop	hl
    000005F7 23               [ 6] 1012 	inc	hl
    000005F8 6E               [ 7] 1013 	ld	l, (hl)
    000005F9 26 00            [ 7] 1014 	ld	h, #0x00
    000005FB 29               [11] 1015 	add	hl, hl
    000005FC 4D               [ 4] 1016 	ld	c, l
    000005FD 44               [ 4] 1017 	ld	b, h
    000005FE 21 00 00         [10] 1018 	ld	hl, #0
    00000601 39               [11] 1019 	add	hl, sp
    00000602 09               [11] 1020 	add	hl, bc
    00000603 4D               [ 4] 1021 	ld	c,l
    00000604 44               [ 4] 1022 	ld	b,h
    00000605 23               [ 6] 1023 	inc	hl
    00000606 5E               [ 7] 1024 	ld	e, (hl)
    00000607 16 00            [ 7] 1025 	ld	d, #0x00
    00000609 0A               [ 7] 1026 	ld	a, (bc)
    0000060A DD 77 FD         [19] 1027 	ld	-3 (ix), a
    0000060D DD 36 FE 00      [19] 1028 	ld	-2 (ix), #0x00
                                   1029 ;main.c:76: new_projected[edges[i][0]].x, new_projected[edges[i][0]].y,
    00000611 FD 6E 00         [19] 1030 	ld	l, 0 (iy)
    00000614 26 00            [ 7] 1031 	ld	h, #0x00
    00000616 29               [11] 1032 	add	hl, hl
    00000617 4D               [ 4] 1033 	ld	c, l
    00000618 44               [ 4] 1034 	ld	b, h
    00000619 21 00 00         [10] 1035 	ld	hl, #0
    0000061C 39               [11] 1036 	add	hl, sp
    0000061D 09               [11] 1037 	add	hl, bc
    0000061E 23               [ 6] 1038 	inc	hl
    0000061F 6E               [ 7] 1039 	ld	l, (hl)
    00000620 26 00            [ 7] 1040 	ld	h, #0x00
    00000622 FD 21 00 00      [14] 1041 	ld	iy, #0
    00000626 FD 39            [15] 1042 	add	iy, sp
    00000628 FD 09            [15] 1043 	add	iy, bc
    0000062A FD 4E 00         [19] 1044 	ld	c, 0 (iy)
    0000062D AF               [ 4] 1045 	xor	a, a
    0000062E FD 21 FF 01      [14] 1046 	ld	iy, #0x01ff
    00000632 FD E5            [15] 1047 	push	iy
    00000634 D5               [11] 1048 	push	de
    00000635 DD 5E FD         [19] 1049 	ld	e, -3 (ix)
    00000638 16 00            [ 7] 1050 	ld	d, #0x00
    0000063A EB               [ 4] 1051 	ex	de, hl
    0000063B E5               [11] 1052 	push	hl
    0000063C 69               [ 4] 1053 	ld	l, c
    0000063D 67               [ 4] 1054 	ld	h, a
    0000063E CDr00r00         [17] 1055 	call	_vga_drawLine
                                   1056 ;main.c:74: for(uint8_t i=0; i<12; i++) {
    00000641 DD 34 FF         [23] 1057 	inc	-1 (ix)
    00000644 18 9A            [12] 1058 	jr	00114$
    00000646                       1059 00105$:
                                   1060 ;main.c:83: for(uint8_t i=0; i<8; i++) {
    00000646 01r00r00         [10] 1061 	ld	bc, #_old_projected+0
    00000649 1E 00            [ 7] 1062 	ld	e, #0x00
    0000064B                       1063 00117$:
    0000064B 7B               [ 4] 1064 	ld	a, e
    0000064C D6 08            [ 7] 1065 	sub	a, #0x08
    0000064E 30 30            [12] 1066 	jr	NC, 00106$
                                   1067 ;main.c:84: old_projected[i] = new_projected[i];
    00000650 6B               [ 4] 1068 	ld	l, e
    00000651 26 00            [ 7] 1069 	ld	h, #0x00
    00000653 29               [11] 1070 	add	hl, hl
    00000654 DD 75 FC         [19] 1071 	ld	-4 (ix), l
    00000657 DD 74 FD         [19] 1072 	ld	-3 (ix), h
    0000065A DD 6E FC         [19] 1073 	ld	l, -4 (ix)
    0000065D 26 00            [ 7] 1074 	ld	h, #0x00
    0000065F 09               [11] 1075 	add	hl, bc
    00000660 DD 75 FE         [19] 1076 	ld	-2 (ix), l
    00000663 DD 74 FF         [19] 1077 	ld	-1 (ix), h
    00000666 D5               [11] 1078 	push	de
    00000667 DD 5E FC         [19] 1079 	ld	e, -4 (ix)
    0000066A 16 00            [ 7] 1080 	ld	d, #0x00
    0000066C 21 02 00         [10] 1081 	ld	hl, #2
    0000066F 39               [11] 1082 	add	hl, sp
    00000670 19               [11] 1083 	add	hl, de
    00000671 DD 5E FE         [19] 1084 	ld	e, -2 (ix)
    00000674 DD 56 FF         [19] 1085 	ld	d, -1 (ix)
    00000677 ED A0            [16] 1086 	ldi
    00000679 7E               [ 7] 1087 	ld	a, (hl)
    0000067A 12               [ 7] 1088 	ld	(de), a
    0000067B 03               [ 6] 1089 	inc	bc
    0000067C D1               [10] 1090 	pop	de
                                   1091 ;main.c:83: for(uint8_t i=0; i<8; i++) {
    0000067D 1C               [ 4] 1092 	inc	e
    0000067E 18 CB            [12] 1093 	jr	00117$
    00000680                       1094 00106$:
                                   1095 ;main.c:86: first_frame = 0;
    00000680 AF               [ 4] 1096 	xor	a, a
    00000681 32r00r00         [13] 1097 	ld	(_first_frame+0), a
                                   1098 ;main.c:87: }
    00000684 DD F9            [10] 1099 	ld	sp, ix
    00000686 DD E1            [14] 1100 	pop	ix
    00000688 C9               [10] 1101 	ret
                                   1102 ;main.c:92: void test_sd_card(void) {
                                   1103 ;	---------------------------------
                                   1104 ; Function test_sd_card
                                   1105 ; ---------------------------------
    00000689                       1106 _test_sd_card::
                                   1107 ;main.c:94: vga_set_cursor(20, 10);
    00000689 11 0A 00         [10] 1108 	ld	de, #0x000a
    0000068C 21 14 00         [10] 1109 	ld	hl, #0x0014
    0000068F CDr00r00         [17] 1110 	call	_vga_set_cursor
                                   1111 ;main.c:95: vga_Print("Inizializzazione SD in corso...\n");
    00000692 21r6Er07         [10] 1112 	ld	hl, #___str_0
    00000695 CDr00r00         [17] 1113 	call	_vga_Print
                                   1114 ;main.c:97: if (!sd_wait_ready()) {
    00000698 CDr00r00         [17] 1115 	call	_sd_wait_ready
    0000069B B7               [ 4] 1116 	or	a, a
    0000069C 20 18            [12] 1117 	jr	NZ, 00102$
                                   1118 ;main.c:98: vga_Print("ERRORE: SD non risponde o timeout!\n");
    0000069E 21r8Fr07         [10] 1119 	ld	hl, #___str_1
    000006A1 CDr00r00         [17] 1120 	call	_vga_Print
                                   1121 ;main.c:99: vga_print_int(SDSTATUS); // Stampa lo stato per debug
    000006A4 21 11 C0         [10] 1122 	ld	hl, #0xc011
    000006A7 5E               [ 7] 1123 	ld	e, (hl)
    000006A8 16 00            [ 7] 1124 	ld	d, #0x00
    000006AA 21 00 00         [10] 1125 	ld	hl, #0x0000
    000006AD CDr00r00         [17] 1126 	call	_vga_print_int
                                   1127 ;main.c:100: vga_Print("\n");
                                   1128 ;main.c:101: return;
    000006B0 21rB3r07         [10] 1129 	ld	hl, #___str_2
    000006B3 C3r00r00         [10] 1130 	jp	_vga_Print
    000006B6                       1131 00102$:
                                   1132 ;main.c:103: vga_Print("SD Pronta!\n");
    000006B6 21rB5r07         [10] 1133 	ld	hl, #___str_3
    000006B9 CDr00r00         [17] 1134 	call	_vga_Print
                                   1135 ;main.c:104: vga_setTextColor(BLUE, 0x0000);
    000006BC 11 00 00         [10] 1136 	ld	de, #0x0000
    000006BF 21 C0 01         [10] 1137 	ld	hl, #0x01c0
    000006C2 CDr00r00         [17] 1138 	call	_vga_setTextColor
                                   1139 ;main.c:105: vga_Print("Invio comando...\n");
    000006C5 21rC1r07         [10] 1140 	ld	hl, #___str_4
    000006C8 CDr00r00         [17] 1141 	call	_vga_Print
                                   1142 ;main.c:109: uint8_t s = SDSTATUS;
    000006CB 21 11 C0         [10] 1143 	ld	hl, #0xc011
    000006CE 4E               [ 7] 1144 	ld	c, (hl)
                                   1145 ;main.c:110: vga_Print("Stato post-comando: ");
    000006CF C5               [11] 1146 	push	bc
    000006D0 21rD3r07         [10] 1147 	ld	hl, #___str_5
    000006D3 CDr00r00         [17] 1148 	call	_vga_Print
    000006D6 C1               [10] 1149 	pop	bc
                                   1150 ;main.c:111: vga_print_hex8(s);
    000006D7 79               [ 4] 1151 	ld	a, c
    000006D8 CDr00r00         [17] 1152 	call	_vga_print_hex8
                                   1153 ;main.c:114: vga_Print("Lettura settore 0...\n");
    000006DB 21rE8r07         [10] 1154 	ld	hl, #___str_6
    000006DE CDr00r00         [17] 1155 	call	_vga_Print
                                   1156 ;main.c:115: if (sd_read_sector(3600, sector_buffer)) {
    000006E1 21r10r00         [10] 1157 	ld	hl, #_sector_buffer
    000006E4 E5               [11] 1158 	push	hl
    000006E5 11 10 0E         [10] 1159 	ld	de, #0x0e10
    000006E8 21 00 00         [10] 1160 	ld	hl, #0x0000
    000006EB CDr00r00         [17] 1161 	call	_sd_read_sector
    000006EE B7               [ 4] 1162 	or	a, a
    000006EF 28 2A            [12] 1163 	jr	Z, 00105$
                                   1164 ;main.c:116: vga_Print("Settore letto con successo. Primi 16 byte:\n");
    000006F1 21rFEr07         [10] 1165 	ld	hl, #___str_7
    000006F4 CDr00r00         [17] 1166 	call	_vga_Print
                                   1167 ;main.c:118: for (int i = 0; i < 16; i++) {
    000006F7 0E 00            [ 7] 1168 	ld	c, #0x00
    000006F9                       1169 00111$:
    000006F9 79               [ 4] 1170 	ld	a, c
    000006FA D6 10            [ 7] 1171 	sub	a, #0x10
    000006FC 30 15            [12] 1172 	jr	NC, 00103$
                                   1173 ;main.c:120: uint8_t byte = sector_buffer[i];
    000006FE 21r10r00         [10] 1174 	ld	hl, #_sector_buffer
    00000701 06 00            [ 7] 1175 	ld	b, #0x00
    00000703 09               [11] 1176 	add	hl, bc
    00000704 7E               [ 7] 1177 	ld	a, (hl)
                                   1178 ;main.c:121: vga_print_hex8(byte);
    00000705 C5               [11] 1179 	push	bc
    00000706 CDr00r00         [17] 1180 	call	_vga_print_hex8
                                   1181 ;main.c:122: vga_Print(", ");
    00000709 21r2Ar08         [10] 1182 	ld	hl, #___str_8
    0000070C CDr00r00         [17] 1183 	call	_vga_Print
    0000070F C1               [10] 1184 	pop	bc
                                   1185 ;main.c:118: for (int i = 0; i < 16; i++) {
    00000710 0C               [ 4] 1186 	inc	c
    00000711 18 E6            [12] 1187 	jr	00111$
    00000713                       1188 00103$:
                                   1189 ;main.c:124: vga_Print("\n");
    00000713 21rB3r07         [10] 1190 	ld	hl, #___str_2
    00000716 CDr00r00         [17] 1191 	call	_vga_Print
    00000719 18 06            [12] 1192 	jr	00106$
    0000071B                       1193 00105$:
                                   1194 ;main.c:126: vga_Print("ERRORE durante la lettura!\n");
                                   1195 ;main.c:127: return;
    0000071B 21r2Dr08         [10] 1196 	ld	hl, #___str_9
    0000071E C3r00r00         [10] 1197 	jp	_vga_Print
    00000721                       1198 00106$:
                                   1199 ;main.c:131: sector_buffer[0] = 0xD1;
    00000721 21r10r00         [10] 1200 	ld	hl, #_sector_buffer
    00000724 36 D1            [10] 1201 	ld	(hl), #0xd1
                                   1202 ;main.c:132: sector_buffer[1] = 0x0C;
    00000726 23               [ 6] 1203 	inc	hl
    00000727 36 0C            [10] 1204 	ld	(hl), #0x0c
                                   1205 ;main.c:133: sector_buffer[2] = 0xA7;
    00000729 21r12r00         [10] 1206 	ld	hl, #_sector_buffer + 2
    0000072C 36 A7            [10] 1207 	ld	(hl), #0xa7
                                   1208 ;main.c:134: sector_buffer[3] = 0xE0;
    0000072E 21r13r00         [10] 1209 	ld	hl, #_sector_buffer + 3
    00000731 36 E0            [10] 1210 	ld	(hl), #0xe0
                                   1211 ;main.c:135: sector_buffer[4] = 0x10;
    00000733 21r14r00         [10] 1212 	ld	hl, #_sector_buffer + 4
    00000736 36 10            [10] 1213 	ld	(hl), #0x10
                                   1214 ;main.c:136: sector_buffer[5] = 0x20;
    00000738 21r15r00         [10] 1215 	ld	hl, #_sector_buffer + 5
    0000073B 36 20            [10] 1216 	ld	(hl), #0x20
                                   1217 ;main.c:137: sector_buffer[6] = 0x40;
    0000073D 21r16r00         [10] 1218 	ld	hl, #_sector_buffer + 6
    00000740 36 40            [10] 1219 	ld	(hl), #0x40
                                   1220 ;main.c:138: sector_buffer[7] = 0x80;
    00000742 21r17r00         [10] 1221 	ld	hl, #_sector_buffer + 7
    00000745 36 80            [10] 1222 	ld	(hl), #0x80
                                   1223 ;main.c:139: sector_buffer[8] = 0xFF;
    00000747 21r18r00         [10] 1224 	ld	hl, #_sector_buffer + 8
    0000074A 36 FF            [10] 1225 	ld	(hl), #0xff
                                   1226 ;main.c:143: vga_Print("Scrittura settore 100 per test...\n");
    0000074C 21r49r08         [10] 1227 	ld	hl, #___str_10
    0000074F CDr00r00         [17] 1228 	call	_vga_Print
                                   1229 ;main.c:144: if (sd_write_sector(100, sector_buffer)) {
    00000752 21r10r00         [10] 1230 	ld	hl, #_sector_buffer
    00000755 E5               [11] 1231 	push	hl
    00000756 11 64 00         [10] 1232 	ld	de, #0x0064
    00000759 21 00 00         [10] 1233 	ld	hl, #0x0000
    0000075C CDr00r00         [17] 1234 	call	_sd_write_sector
    0000075F B7               [ 4] 1235 	or	a, a
    00000760 28 06            [12] 1236 	jr	Z, 00108$
                                   1237 ;main.c:145: vga_Print("Scrittura completata!\n");
    00000762 21r6Cr08         [10] 1238 	ld	hl, #___str_11
    00000765 C3r00r00         [10] 1239 	jp	_vga_Print
    00000768                       1240 00108$:
                                   1241 ;main.c:147: vga_Print("ERRORE durante la scrittura!\n");
    00000768 21r83r08         [10] 1242 	ld	hl, #___str_12
                                   1243 ;main.c:149: }
    0000076B C3r00r00         [10] 1244 	jp	_vga_Print
    0000076E                       1245 ___str_0:
    0000076E 49 6E 69 7A 69 61 6C  1246 	.ascii "Inizializzazione SD in corso..."
             69 7A 7A 61 7A 69 6F
             6E 65 20 53 44 20 69
             6E 20 63 6F 72 73 6F
             2E 2E 2E
    0000078D 0A                    1247 	.db 0x0a
    0000078E 00                    1248 	.db 0x00
    0000078F                       1249 ___str_1:
    0000078F 45 52 52 4F 52 45 3A  1250 	.ascii "ERRORE: SD non risponde o timeout!"
             20 53 44 20 6E 6F 6E
             20 72 69 73 70 6F 6E
             64 65 20 6F 20 74 69
             6D 65 6F 75 74 21
    000007B1 0A                    1251 	.db 0x0a
    000007B2 00                    1252 	.db 0x00
    000007B3                       1253 ___str_2:
    000007B3 0A                    1254 	.db 0x0a
    000007B4 00                    1255 	.db 0x00
    000007B5                       1256 ___str_3:
    000007B5 53 44 20 50 72 6F 6E  1257 	.ascii "SD Pronta!"
             74 61 21
    000007BF 0A                    1258 	.db 0x0a
    000007C0 00                    1259 	.db 0x00
    000007C1                       1260 ___str_4:
    000007C1 49 6E 76 69 6F 20 63  1261 	.ascii "Invio comando..."
             6F 6D 61 6E 64 6F 2E
             2E 2E
    000007D1 0A                    1262 	.db 0x0a
    000007D2 00                    1263 	.db 0x00
    000007D3                       1264 ___str_5:
    000007D3 53 74 61 74 6F 20 70  1265 	.ascii "Stato post-comando: "
             6F 73 74 2D 63 6F 6D
             61 6E 64 6F 3A 20
    000007E7 00                    1266 	.db 0x00
    000007E8                       1267 ___str_6:
    000007E8 4C 65 74 74 75 72 61  1268 	.ascii "Lettura settore 0..."
             20 73 65 74 74 6F 72
             65 20 30 2E 2E 2E
    000007FC 0A                    1269 	.db 0x0a
    000007FD 00                    1270 	.db 0x00
    000007FE                       1271 ___str_7:
    000007FE 53 65 74 74 6F 72 65  1272 	.ascii "Settore letto con successo. Primi 16 byte:"
             20 6C 65 74 74 6F 20
             63 6F 6E 20 73 75 63
             63 65 73 73 6F 2E 20
             50 72 69 6D 69 20 31
             36 20 62 79 74 65 3A
    00000828 0A                    1273 	.db 0x0a
    00000829 00                    1274 	.db 0x00
    0000082A                       1275 ___str_8:
    0000082A 2C 20                 1276 	.ascii ", "
    0000082C 00                    1277 	.db 0x00
    0000082D                       1278 ___str_9:
    0000082D 45 52 52 4F 52 45 20  1279 	.ascii "ERRORE durante la lettura!"
             64 75 72 61 6E 74 65
             20 6C 61 20 6C 65 74
             74 75 72 61 21
    00000847 0A                    1280 	.db 0x0a
    00000848 00                    1281 	.db 0x00
    00000849                       1282 ___str_10:
    00000849 53 63 72 69 74 74 75  1283 	.ascii "Scrittura settore 100 per test..."
             72 61 20 73 65 74 74
             6F 72 65 20 31 30 30
             20 70 65 72 20 74 65
             73 74 2E 2E 2E
    0000086A 0A                    1284 	.db 0x0a
    0000086B 00                    1285 	.db 0x00
    0000086C                       1286 ___str_11:
    0000086C 53 63 72 69 74 74 75  1287 	.ascii "Scrittura completata!"
             72 61 20 63 6F 6D 70
             6C 65 74 61 74 61 21
    00000881 0A                    1288 	.db 0x0a
    00000882 00                    1289 	.db 0x00
    00000883                       1290 ___str_12:
    00000883 45 52 52 4F 52 45 20  1291 	.ascii "ERRORE durante la scrittura!"
             64 75 72 61 6E 74 65
             20 6C 61 20 73 63 72
             69 74 74 75 72 61 21
    0000089F 0A                    1292 	.db 0x0a
    000008A0 00                    1293 	.db 0x00
                                   1294 ;main.c:158: void draw_mandelbrot() {
                                   1295 ;	---------------------------------
                                   1296 ; Function draw_mandelbrot
                                   1297 ; ---------------------------------
    000008A1                       1298 _draw_mandelbrot::
    000008A1 DD E5            [15] 1299 	push	ix
    000008A3 DD 21 00 00      [14] 1300 	ld	ix,#0
    000008A7 DD 39            [15] 1301 	add	ix,sp
    000008A9 21 D7 FF         [10] 1302 	ld	hl, #-41
    000008AC 39               [11] 1303 	add	hl, sp
    000008AD F9               [ 6] 1304 	ld	sp, hl
                                   1305 ;main.c:159: vga_clear_screen(BLACK);
    000008AE 21 00 00         [10] 1306 	ld	hl, #0x0000
    000008B1 CDr00r00         [17] 1307 	call	_vga_clear_screen
                                   1308 ;main.c:170: int32_t re_step = alu_div(alu_sub(max_re, min_re), WIDTH);
    000008B4 21 FE FF         [10] 1309 	ld	hl, #0xfffe
    000008B7 E5               [11] 1310 	push	hl
    000008B8 21 00 00         [10] 1311 	ld	hl, #0x0000
    000008BB E5               [11] 1312 	push	hl
    000008BC 11 00 00         [10] 1313 	ld	de, #0x0000
    000008BF 2E 01            [ 7] 1314 	ld	l, #0x01
    000008C1 CDrBAr00         [17] 1315 	call	_alu_sub
    000008C4 F1               [10] 1316 	pop	af
    000008C5 F1               [10] 1317 	pop	af
    000008C6 01 00 00         [10] 1318 	ld	bc, #0x0000
    000008C9 C5               [11] 1319 	push	bc
    000008CA 01 40 01         [10] 1320 	ld	bc, #0x0140
    000008CD C5               [11] 1321 	push	bc
    000008CE CDr04r01         [17] 1322 	call	_alu_div
    000008D1 F1               [10] 1323 	pop	af
    000008D2 F1               [10] 1324 	pop	af
    000008D3 33               [ 6] 1325 	inc	sp
    000008D4 33               [ 6] 1326 	inc	sp
    000008D5 D5               [11] 1327 	push	de
    000008D6 DD 75 D9         [19] 1328 	ld	-39 (ix), l
    000008D9 DD 74 DA         [19] 1329 	ld	-38 (ix), h
                                   1330 ;main.c:171: int32_t im_step = alu_div(alu_sub(max_im, min_im), HEIGHT);
    000008DC 21 FE FF         [10] 1331 	ld	hl, #0xfffe
    000008DF E5               [11] 1332 	push	hl
    000008E0 21 CD CC         [10] 1333 	ld	hl, #0xcccd
    000008E3 E5               [11] 1334 	push	hl
    000008E4 11 33 33         [10] 1335 	ld	de, #0x3333
    000008E7 21 01 00         [10] 1336 	ld	hl, #0x0001
    000008EA CDrBAr00         [17] 1337 	call	_alu_sub
    000008ED F1               [10] 1338 	pop	af
    000008EE F1               [10] 1339 	pop	af
    000008EF 01 00 00         [10] 1340 	ld	bc, #0x0000
    000008F2 C5               [11] 1341 	push	bc
    000008F3 0E F0            [ 7] 1342 	ld	c, #0xf0
    000008F5 C5               [11] 1343 	push	bc
    000008F6 CDr04r01         [17] 1344 	call	_alu_div
    000008F9 F1               [10] 1345 	pop	af
    000008FA F1               [10] 1346 	pop	af
    000008FB DD 73 DB         [19] 1347 	ld	-37 (ix), e
    000008FE DD 72 DC         [19] 1348 	ld	-36 (ix), d
    00000901 DD 75 DD         [19] 1349 	ld	-35 (ix), l
    00000904 DD 74 DE         [19] 1350 	ld	-34 (ix), h
                                   1351 ;main.c:173: int32_t ci = min_im;
    00000907 DD 36 DF CD      [19] 1352 	ld	-33 (ix), #0xcd
    0000090B DD 36 E0 CC      [19] 1353 	ld	-32 (ix), #0xcc
    0000090F DD 36 E1 FE      [19] 1354 	ld	-31 (ix), #0xfe
    00000913 DD 36 E2 FF      [19] 1355 	ld	-30 (ix), #0xff
                                   1356 ;main.c:174: for (uint16_t y = 0; y < HEIGHT; y++) {
    00000917 AF               [ 4] 1357 	xor	a, a
    00000918 DD 77 FA         [19] 1358 	ld	-6 (ix), a
    0000091B DD 77 FB         [19] 1359 	ld	-5 (ix), a
    0000091E                       1360 00114$:
    0000091E DD 4E FA         [19] 1361 	ld	c, -6 (ix)
    00000921 DD 46 FB         [19] 1362 	ld	b, -5 (ix)
    00000924 79               [ 4] 1363 	ld	a, c
    00000925 D6 F0            [ 7] 1364 	sub	a, #0xf0
    00000927 78               [ 4] 1365 	ld	a, b
    00000928 DE 00            [ 7] 1366 	sbc	a, #0x00
    0000092A D2rAEr0B         [10] 1367 	jp	NC, 00116$
                                   1368 ;main.c:175: int32_t cr = min_re;
    0000092D AF               [ 4] 1369 	xor	a, a
    0000092E DD 77 E3         [19] 1370 	ld	-29 (ix), a
    00000931 DD 77 E4         [19] 1371 	ld	-28 (ix), a
    00000934 DD 36 E5 FE      [19] 1372 	ld	-27 (ix), #0xfe
    00000938 DD 36 E6 FF      [19] 1373 	ld	-26 (ix), #0xff
                                   1374 ;main.c:176: for (uint16_t x = 0; x < WIDTH; x++) {
    0000093C AF               [ 4] 1375 	xor	a, a
    0000093D DD 77 FC         [19] 1376 	ld	-4 (ix), a
    00000940 DD 77 FD         [19] 1377 	ld	-3 (ix), a
    00000943                       1378 00111$:
    00000943 DD 7E FC         [19] 1379 	ld	a, -4 (ix)
    00000946 DD 77 FE         [19] 1380 	ld	-2 (ix), a
    00000949 DD 7E FD         [19] 1381 	ld	a, -3 (ix)
    0000094C DD 77 FF         [19] 1382 	ld	-1 (ix), a
    0000094F DD 7E FE         [19] 1383 	ld	a, -2 (ix)
    00000952 D6 40            [ 7] 1384 	sub	a, #0x40
    00000954 DD 7E FF         [19] 1385 	ld	a, -1 (ix)
    00000957 DE 01            [ 7] 1386 	sbc	a, #0x01
    00000959 D2r77r0B         [10] 1387 	jp	NC, 00108$
                                   1388 ;main.c:177: int32_t zr = 0;
    0000095C AF               [ 4] 1389 	xor	a, a
    0000095D DD 77 E7         [19] 1390 	ld	-25 (ix), a
    00000960 DD 77 E8         [19] 1391 	ld	-24 (ix), a
    00000963 DD 77 E9         [19] 1392 	ld	-23 (ix), a
    00000966 DD 77 EA         [19] 1393 	ld	-22 (ix), a
                                   1394 ;main.c:178: int32_t zi = 0;
    00000969 AF               [ 4] 1395 	xor	a, a
    0000096A DD 77 EB         [19] 1396 	ld	-21 (ix), a
    0000096D DD 77 EC         [19] 1397 	ld	-20 (ix), a
    00000970 DD 77 ED         [19] 1398 	ld	-19 (ix), a
    00000973 DD 77 EE         [19] 1399 	ld	-18 (ix), a
                                   1400 ;main.c:181: while (iter < 32) {
    00000976 AF               [ 4] 1401 	xor	a, a
    00000977 DD 77 FE         [19] 1402 	ld	-2 (ix), a
    0000097A DD 77 FF         [19] 1403 	ld	-1 (ix), a
    0000097D                       1404 00103$:
    0000097D DD 7E FE         [19] 1405 	ld	a, -2 (ix)
    00000980 DD 77 EF         [19] 1406 	ld	-17 (ix), a
    00000983 DD 7E FF         [19] 1407 	ld	a, -1 (ix)
    00000986 DD 77 F0         [19] 1408 	ld	-16 (ix), a
    00000989 DD 7E EF         [19] 1409 	ld	a, -17 (ix)
    0000098C D6 20            [ 7] 1410 	sub	a, #0x20
    0000098E DD 7E F0         [19] 1411 	ld	a, -16 (ix)
    00000991 DE 00            [ 7] 1412 	sbc	a, #0x00
    00000993 3E 00            [ 7] 1413 	ld	a, #0x00
    00000995 17               [ 4] 1414 	rla
    00000996 DD 77 F1         [19] 1415 	ld	-15 (ix), a
    00000999 B7               [ 4] 1416 	or	a, a
    0000099A CArF5r0A         [10] 1417 	jp	Z, 00105$
                                   1418 ;main.c:183: int32_t zr2 = alu_mul_fp(zr, zr);
    0000099D DD 6E E9         [19] 1419 	ld	l, -23 (ix)
    000009A0 DD 66 EA         [19] 1420 	ld	h, -22 (ix)
    000009A3 E5               [11] 1421 	push	hl
    000009A4 DD 6E E7         [19] 1422 	ld	l, -25 (ix)
    000009A7 DD 66 E8         [19] 1423 	ld	h, -24 (ix)
    000009AA E5               [11] 1424 	push	hl
    000009AB DD 5E E7         [19] 1425 	ld	e, -25 (ix)
    000009AE DD 56 E8         [19] 1426 	ld	d, -24 (ix)
    000009B1 DD 6E E9         [19] 1427 	ld	l, -23 (ix)
    000009B4 DD 66 EA         [19] 1428 	ld	h, -22 (ix)
    000009B7 CDrDFr00         [17] 1429 	call	_alu_mul_fp
    000009BA F1               [10] 1430 	pop	af
    000009BB F1               [10] 1431 	pop	af
    000009BC DD 73 F2         [19] 1432 	ld	-14 (ix), e
    000009BF DD 72 F3         [19] 1433 	ld	-13 (ix), d
    000009C2 DD 75 F4         [19] 1434 	ld	-12 (ix), l
    000009C5 DD 74 F5         [19] 1435 	ld	-11 (ix), h
                                   1436 ;main.c:184: int32_t zi2 = alu_mul_fp(zi, zi);
    000009C8 DD 6E ED         [19] 1437 	ld	l, -19 (ix)
    000009CB DD 66 EE         [19] 1438 	ld	h, -18 (ix)
    000009CE E5               [11] 1439 	push	hl
    000009CF DD 6E EB         [19] 1440 	ld	l, -21 (ix)
    000009D2 DD 66 EC         [19] 1441 	ld	h, -20 (ix)
    000009D5 E5               [11] 1442 	push	hl
    000009D6 DD 5E EB         [19] 1443 	ld	e, -21 (ix)
    000009D9 DD 56 EC         [19] 1444 	ld	d, -20 (ix)
    000009DC DD 6E ED         [19] 1445 	ld	l, -19 (ix)
    000009DF DD 66 EE         [19] 1446 	ld	h, -18 (ix)
    000009E2 CDrDFr00         [17] 1447 	call	_alu_mul_fp
    000009E5 F1               [10] 1448 	pop	af
    000009E6 F1               [10] 1449 	pop	af
    000009E7 DD 73 F6         [19] 1450 	ld	-10 (ix), e
    000009EA DD 72 F7         [19] 1451 	ld	-9 (ix), d
                                   1452 ;main.c:187: if (alu_add(zr2, zi2) > FP_4) break;
    000009ED DD 75 F8         [19] 1453 	ld	-8 (ix), l
    000009F0 DD 74 F9         [19] 1454 	ld	-7 (ix), h
    000009F3 E5               [11] 1455 	push	hl
    000009F4 DD 6E F6         [19] 1456 	ld	l, -10 (ix)
    000009F7 DD 66 F7         [19] 1457 	ld	h, -9 (ix)
    000009FA E5               [11] 1458 	push	hl
    000009FB DD 5E F2         [19] 1459 	ld	e, -14 (ix)
    000009FE DD 56 F3         [19] 1460 	ld	d, -13 (ix)
    00000A01 DD 6E F4         [19] 1461 	ld	l, -12 (ix)
    00000A04 DD 66 F5         [19] 1462 	ld	h, -11 (ix)
    00000A07 CDr95r00         [17] 1463 	call	_alu_add
    00000A0A F1               [10] 1464 	pop	af
    00000A0B F1               [10] 1465 	pop	af
    00000A0C AF               [ 4] 1466 	xor	a, a
    00000A0D BB               [ 4] 1467 	cp	a, e
    00000A0E 9A               [ 4] 1468 	sbc	a, d
    00000A0F 3E 04            [ 7] 1469 	ld	a, #0x04
    00000A11 9D               [ 4] 1470 	sbc	a, l
    00000A12 3E 00            [ 7] 1471 	ld	a, #0x00
    00000A14 9C               [ 4] 1472 	sbc	a, h
    00000A15 E2r1Ar0A         [10] 1473 	jp	PO, 00195$
    00000A18 EE 80            [ 7] 1474 	xor	a, #0x80
    00000A1A                       1475 00195$:
    00000A1A FArF5r0A         [10] 1476 	jp	M, 00105$
                                   1477 ;main.c:192: int32_t zrzi = alu_mul_fp(zr, zi);
    00000A1D DD 6E ED         [19] 1478 	ld	l, -19 (ix)
    00000A20 DD 66 EE         [19] 1479 	ld	h, -18 (ix)
    00000A23 E5               [11] 1480 	push	hl
    00000A24 DD 6E EB         [19] 1481 	ld	l, -21 (ix)
    00000A27 DD 66 EC         [19] 1482 	ld	h, -20 (ix)
    00000A2A E5               [11] 1483 	push	hl
    00000A2B DD 5E E7         [19] 1484 	ld	e, -25 (ix)
    00000A2E DD 56 E8         [19] 1485 	ld	d, -24 (ix)
    00000A31 DD 6E E9         [19] 1486 	ld	l, -23 (ix)
    00000A34 DD 66 EA         [19] 1487 	ld	h, -22 (ix)
    00000A37 CDrDFr00         [17] 1488 	call	_alu_mul_fp
    00000A3A F1               [10] 1489 	pop	af
    00000A3B F1               [10] 1490 	pop	af
    00000A3C DD 73 EE         [19] 1491 	ld	-18 (ix), e
    00000A3F DD 72 EF         [19] 1492 	ld	-17 (ix), d
    00000A42 DD 75 F0         [19] 1493 	ld	-16 (ix), l
    00000A45 DD 74 F1         [19] 1494 	ld	-15 (ix), h
                                   1495 ;main.c:194: zi = alu_add(alu_shl(zrzi, 1), ci);
    00000A48 3E 01            [ 7] 1496 	ld	a, #0x01
    00000A4A F5               [11] 1497 	push	af
    00000A4B 33               [ 6] 1498 	inc	sp
    00000A4C DD 5E EE         [19] 1499 	ld	e, -18 (ix)
    00000A4F DD 56 EF         [19] 1500 	ld	d, -17 (ix)
    00000A52 DD 6E F0         [19] 1501 	ld	l, -16 (ix)
    00000A55 DD 66 F1         [19] 1502 	ld	h, -15 (ix)
    00000A58 CDr53r01         [17] 1503 	call	_alu_shl
    00000A5B DD 73 EE         [19] 1504 	ld	-18 (ix), e
    00000A5E DD 72 EF         [19] 1505 	ld	-17 (ix), d
    00000A61 DD 75 F0         [19] 1506 	ld	-16 (ix), l
    00000A64 DD 74 F1         [19] 1507 	ld	-15 (ix), h
    00000A67 33               [ 6] 1508 	inc	sp
    00000A68 DD 6E E1         [19] 1509 	ld	l, -31 (ix)
    00000A6B DD 66 E2         [19] 1510 	ld	h, -30 (ix)
    00000A6E E5               [11] 1511 	push	hl
    00000A6F DD 6E DF         [19] 1512 	ld	l, -33 (ix)
    00000A72 DD 66 E0         [19] 1513 	ld	h, -32 (ix)
    00000A75 E5               [11] 1514 	push	hl
    00000A76 DD 5E EE         [19] 1515 	ld	e, -18 (ix)
    00000A79 DD 56 EF         [19] 1516 	ld	d, -17 (ix)
    00000A7C DD 6E F0         [19] 1517 	ld	l, -16 (ix)
    00000A7F DD 66 F1         [19] 1518 	ld	h, -15 (ix)
    00000A82 CDr95r00         [17] 1519 	call	_alu_add
    00000A85 F1               [10] 1520 	pop	af
    00000A86 F1               [10] 1521 	pop	af
    00000A87 DD 73 EB         [19] 1522 	ld	-21 (ix), e
    00000A8A DD 72 EC         [19] 1523 	ld	-20 (ix), d
    00000A8D DD 75 ED         [19] 1524 	ld	-19 (ix), l
    00000A90 DD 74 EE         [19] 1525 	ld	-18 (ix), h
                                   1526 ;main.c:197: zr = alu_add(alu_sub(zr2, zi2), cr);
    00000A93 DD 6E F8         [19] 1527 	ld	l, -8 (ix)
    00000A96 DD 66 F9         [19] 1528 	ld	h, -7 (ix)
    00000A99 E5               [11] 1529 	push	hl
    00000A9A DD 6E F6         [19] 1530 	ld	l, -10 (ix)
    00000A9D DD 66 F7         [19] 1531 	ld	h, -9 (ix)
    00000AA0 E5               [11] 1532 	push	hl
    00000AA1 DD 5E F2         [19] 1533 	ld	e, -14 (ix)
    00000AA4 DD 56 F3         [19] 1534 	ld	d, -13 (ix)
    00000AA7 DD 6E F4         [19] 1535 	ld	l, -12 (ix)
    00000AAA DD 66 F5         [19] 1536 	ld	h, -11 (ix)
    00000AAD CDrBAr00         [17] 1537 	call	_alu_sub
    00000AB0 F1               [10] 1538 	pop	af
    00000AB1 F1               [10] 1539 	pop	af
    00000AB2 DD 73 F6         [19] 1540 	ld	-10 (ix), e
    00000AB5 DD 72 F7         [19] 1541 	ld	-9 (ix), d
    00000AB8 DD 75 F8         [19] 1542 	ld	-8 (ix), l
    00000ABB DD 74 F9         [19] 1543 	ld	-7 (ix), h
    00000ABE DD 6E E5         [19] 1544 	ld	l, -27 (ix)
    00000AC1 DD 66 E6         [19] 1545 	ld	h, -26 (ix)
    00000AC4 E5               [11] 1546 	push	hl
    00000AC5 DD 6E E3         [19] 1547 	ld	l, -29 (ix)
    00000AC8 DD 66 E4         [19] 1548 	ld	h, -28 (ix)
    00000ACB E5               [11] 1549 	push	hl
    00000ACC DD 5E F6         [19] 1550 	ld	e, -10 (ix)
    00000ACF DD 56 F7         [19] 1551 	ld	d, -9 (ix)
    00000AD2 DD 6E F8         [19] 1552 	ld	l, -8 (ix)
    00000AD5 DD 66 F9         [19] 1553 	ld	h, -7 (ix)
    00000AD8 CDr95r00         [17] 1554 	call	_alu_add
    00000ADB F1               [10] 1555 	pop	af
    00000ADC F1               [10] 1556 	pop	af
    00000ADD DD 73 E7         [19] 1557 	ld	-25 (ix), e
    00000AE0 DD 72 E8         [19] 1558 	ld	-24 (ix), d
    00000AE3 DD 75 E9         [19] 1559 	ld	-23 (ix), l
    00000AE6 DD 74 EA         [19] 1560 	ld	-22 (ix), h
                                   1561 ;main.c:199: iter++;
    00000AE9 DD 34 FE         [23] 1562 	inc	-2 (ix)
    00000AEC C2r7Dr09         [10] 1563 	jp	NZ, 00103$
    00000AEF DD 34 FF         [23] 1564 	inc	-1 (ix)
    00000AF2 C3r7Dr09         [10] 1565 	jp	00103$
    00000AF5                       1566 00105$:
                                   1567 ;main.c:203: if (iter < 32) {
    00000AF5 DD 7E F1         [19] 1568 	ld	a, -15 (ix)
    00000AF8 B7               [ 4] 1569 	or	a, a
    00000AF9 28 4C            [12] 1570 	jr	Z, 00107$
                                   1571 ;main.c:205: uint8_t color = (iter < 8) ? BLUE : (iter < 16) ? CYAN : YELLOW;
    00000AFB DD 7E EF         [19] 1572 	ld	a, -17 (ix)
    00000AFE D6 08            [ 7] 1573 	sub	a, #0x08
    00000B00 30 0A            [12] 1574 	jr	NC, 00118$
    00000B02 DD 36 FE C0      [19] 1575 	ld	-2 (ix), #0xc0
    00000B06 DD 36 FF 01      [19] 1576 	ld	-1 (ix), #0x01
    00000B0A 18 19            [12] 1577 	jr	00119$
    00000B0C                       1578 00118$:
    00000B0C DD 7E EF         [19] 1579 	ld	a, -17 (ix)
    00000B0F D6 10            [ 7] 1580 	sub	a, #0x10
    00000B11 30 0A            [12] 1581 	jr	NC, 00120$
    00000B13 DD 36 FE F8      [19] 1582 	ld	-2 (ix), #0xf8
    00000B17 DD 36 FF 01      [19] 1583 	ld	-1 (ix), #0x01
    00000B1B 18 08            [12] 1584 	jr	00121$
    00000B1D                       1585 00120$:
    00000B1D DD 36 FE 3F      [19] 1586 	ld	-2 (ix), #0x3f
    00000B21 DD 36 FF 00      [19] 1587 	ld	-1 (ix), #0
    00000B25                       1588 00121$:
    00000B25                       1589 00119$:
    00000B25 DD 7E FE         [19] 1590 	ld	a, -2 (ix)
                                   1591 ;main.c:206: vga_pixel_fast(x, y, color);
    00000B28 DD 77 FF         [19] 1592 	ld	-1 (ix), a
    00000B2B DD 77 FE         [19] 1593 	ld	-2 (ix), a
    00000B2E DD 36 FF 00      [19] 1594 	ld	-1 (ix), #0x00
    00000B32 DD 6E FE         [19] 1595 	ld	l, -2 (ix)
    00000B35 26 00            [ 7] 1596 	ld	h, #0x00
    00000B37 E5               [11] 1597 	push	hl
    00000B38 DD 5E FA         [19] 1598 	ld	e, -6 (ix)
    00000B3B DD 56 FB         [19] 1599 	ld	d, -5 (ix)
    00000B3E DD 6E FC         [19] 1600 	ld	l, -4 (ix)
    00000B41 DD 66 FD         [19] 1601 	ld	h, -3 (ix)
    00000B44 CDr00r00         [17] 1602 	call	_vga_pixel_fast
    00000B47                       1603 00107$:
                                   1604 ;main.c:209: cr = alu_add(cr, re_step);
    00000B47 D1               [10] 1605 	pop	de
    00000B48 E1               [10] 1606 	pop	hl
    00000B49 EB               [ 4] 1607 	ex	de, hl
    00000B4A D5               [11] 1608 	push	de
    00000B4B E5               [11] 1609 	push	hl
    00000B4C D5               [11] 1610 	push	de
    00000B4D E5               [11] 1611 	push	hl
    00000B4E DD 5E E3         [19] 1612 	ld	e, -29 (ix)
    00000B51 DD 56 E4         [19] 1613 	ld	d, -28 (ix)
    00000B54 DD 6E E5         [19] 1614 	ld	l, -27 (ix)
    00000B57 DD 66 E6         [19] 1615 	ld	h, -26 (ix)
    00000B5A CDr95r00         [17] 1616 	call	_alu_add
    00000B5D F1               [10] 1617 	pop	af
    00000B5E F1               [10] 1618 	pop	af
    00000B5F DD 73 E3         [19] 1619 	ld	-29 (ix), e
    00000B62 DD 72 E4         [19] 1620 	ld	-28 (ix), d
    00000B65 DD 75 E5         [19] 1621 	ld	-27 (ix), l
    00000B68 DD 74 E6         [19] 1622 	ld	-26 (ix), h
                                   1623 ;main.c:176: for (uint16_t x = 0; x < WIDTH; x++) {
    00000B6B DD 34 FC         [23] 1624 	inc	-4 (ix)
    00000B6E C2r43r09         [10] 1625 	jp	NZ, 00111$
    00000B71 DD 34 FD         [23] 1626 	inc	-3 (ix)
    00000B74 C3r43r09         [10] 1627 	jp	00111$
    00000B77                       1628 00108$:
                                   1629 ;main.c:211: ci = alu_add(ci, im_step);
    00000B77 DD 6E DD         [19] 1630 	ld	l, -35 (ix)
    00000B7A DD 66 DE         [19] 1631 	ld	h, -34 (ix)
    00000B7D E5               [11] 1632 	push	hl
    00000B7E DD 6E DB         [19] 1633 	ld	l, -37 (ix)
    00000B81 DD 66 DC         [19] 1634 	ld	h, -36 (ix)
    00000B84 E5               [11] 1635 	push	hl
    00000B85 DD 5E DF         [19] 1636 	ld	e, -33 (ix)
    00000B88 DD 56 E0         [19] 1637 	ld	d, -32 (ix)
    00000B8B DD 6E E1         [19] 1638 	ld	l, -31 (ix)
    00000B8E DD 66 E2         [19] 1639 	ld	h, -30 (ix)
    00000B91 CDr95r00         [17] 1640 	call	_alu_add
    00000B94 F1               [10] 1641 	pop	af
    00000B95 F1               [10] 1642 	pop	af
    00000B96 DD 73 DF         [19] 1643 	ld	-33 (ix), e
    00000B99 DD 72 E0         [19] 1644 	ld	-32 (ix), d
    00000B9C DD 75 E1         [19] 1645 	ld	-31 (ix), l
    00000B9F DD 74 E2         [19] 1646 	ld	-30 (ix), h
                                   1647 ;main.c:174: for (uint16_t y = 0; y < HEIGHT; y++) {
    00000BA2 DD 34 FA         [23] 1648 	inc	-6 (ix)
    00000BA5 C2r1Er09         [10] 1649 	jp	NZ, 00114$
    00000BA8 DD 34 FB         [23] 1650 	inc	-5 (ix)
    00000BAB C3r1Er09         [10] 1651 	jp	00114$
    00000BAE                       1652 00116$:
                                   1653 ;main.c:213: }
    00000BAE DD F9            [10] 1654 	ld	sp, ix
    00000BB0 DD E1            [14] 1655 	pop	ix
    00000BB2 C9               [10] 1656 	ret
                                   1657 ;main.c:215: int main(void) {
                                   1658 ;	---------------------------------
                                   1659 ; Function main
                                   1660 ; ---------------------------------
    00000BB3                       1661 _main::
    00000BB3 F5               [11] 1662 	push	af
                                   1663 ;main.c:218: video_config(0, 1);
    00000BB4 2E 01            [ 7] 1664 	ld	l, #0x01
    00000BB6 AF               [ 4] 1665 	xor	a, a
    00000BB7 CDr00r00         [17] 1666 	call	_video_config
                                   1667 ;main.c:219: vga_clear_screen(BLACK); // Nero
    00000BBA 21 00 00         [10] 1668 	ld	hl, #0x0000
    00000BBD CDr00r00         [17] 1669 	call	_vga_clear_screen
                                   1670 ;main.c:221: vga_setTextFont(2);
    00000BC0 3E 02            [ 7] 1671 	ld	a, #0x02
    00000BC2 CDr00r00         [17] 1672 	call	_vga_setTextFont
                                   1673 ;main.c:222: vga_setTextSize(1);
    00000BC5 3E 01            [ 7] 1674 	ld	a, #0x01
    00000BC7 CDr00r00         [17] 1675 	call	_vga_setTextSize
                                   1676 ;main.c:223: vga_setTextColor(YELLOW, 0x0000);
    00000BCA 11 00 00         [10] 1677 	ld	de, #0x0000
    00000BCD 21 3F 00         [10] 1678 	ld	hl, #0x003f
    00000BD0 CDr00r00         [17] 1679 	call	_vga_setTextColor
                                   1680 ;main.c:225: vga_set_cursor(0, 10);
    00000BD3 11 0A 00         [10] 1681 	ld	de, #0x000a
    00000BD6 21 00 00         [10] 1682 	ld	hl, #0x0000
    00000BD9 CDr00r00         [17] 1683 	call	_vga_set_cursor
                                   1684 ;main.c:248: vga_load_rgb333_full(1000);
    00000BDC 11 E8 03         [10] 1685 	ld	de, #0x03e8
    00000BDF 21 00 00         [10] 1686 	ld	hl, #0x0000
    00000BE2 CDr00r00         [17] 1687 	call	_vga_load_rgb333_full
                                   1688 ;main.c:267: while (1)
    00000BE5                       1689 00102$:
    00000BE5 18 FE            [12] 1690 	jr	00102$
                                   1691 ;main.c:287: while (1)
                                   1692 ;main.c:294: }
    00000BE7 F1               [10] 1693 	pop	af
    00000BE8 C9               [10] 1694 	ret
                                   1695 	.area _CODE
                                   1696 	.area _INITIALIZER
    00000000                       1697 __xinit__first_frame:
    00000000 01                    1698 	.db #0x01	; 1
                                   1699 	.area _CABS (ABS)
