                                      1 ;--------------------------------------------------------
                                      2 ; File Created by SDCC : free open source ISO C Compiler
                                      3 ; Version 4.5.0 #15242 (MINGW64)
                                      4 ;--------------------------------------------------------
                                      5 	.module uart_t80
                                      6 	
                                      7 	.optsdcc -mz80 sdcccall(1)
                                      8 ;--------------------------------------------------------
                                      9 ; Public variables in this module
                                     10 ;--------------------------------------------------------
                                     11 	.globl _uart_init
                                     12 	.globl _uart_putc
                                     13 	.globl _uart_puts
                                     14 	.globl _uart_available
                                     15 	.globl _uart_getc
                                     16 ;--------------------------------------------------------
                                     17 ; special function registers
                                     18 ;--------------------------------------------------------
                                     19 ;--------------------------------------------------------
                                     20 ; ram data
                                     21 ;--------------------------------------------------------
                                     22 	.area _DATA
                                     23 ;--------------------------------------------------------
                                     24 ; ram data
                                     25 ;--------------------------------------------------------
                                     26 	.area _INITIALIZED
                                     27 ;--------------------------------------------------------
                                     28 ; absolute external ram data
                                     29 ;--------------------------------------------------------
                                     30 	.area _DABS (ABS)
                                     31 ;--------------------------------------------------------
                                     32 ; global & static initialisations
                                     33 ;--------------------------------------------------------
                                     34 	.area _HOME
                                     35 	.area _GSINIT
                                     36 	.area _GSFINAL
                                     37 	.area _GSINIT
                                     38 ;--------------------------------------------------------
                                     39 ; Home
                                     40 ;--------------------------------------------------------
                                     41 	.area _HOME
                                     42 	.area _HOME
                                     43 ;--------------------------------------------------------
                                     44 ; code
                                     45 ;--------------------------------------------------------
                                     46 	.area _CODE
                                     47 ;uart_t80.c:7: void uart_init(uint8_t ubrr_val) {
                                     48 ;	---------------------------------
                                     49 ; Function uart_init
                                     50 ; ---------------------------------
    00000000                         51 _uart_init::
                                     52 ;uart_t80.c:9: UART_UBRR = ubrr_val;
    00000000 21 33 C0         [10]   53 	ld	hl, #0xc033
    00000003 77               [ 7]   54 	ld	(hl), a
                                     55 ;uart_t80.c:12: UART_UCR = UART_TXEN | UART_RXEN;
    00000004 2E 32            [ 7]   56 	ld	l, #0x32
    00000006 36 18            [10]   57 	ld	(hl), #0x18
                                     58 ;uart_t80.c:13: }
    00000008 C9               [10]   59 	ret
                                     60 ;uart_t80.c:18: void uart_putc(char c) {
                                     61 ;	---------------------------------
                                     62 ; Function uart_putc
                                     63 ; ---------------------------------
    00000009                         64 _uart_putc::
                                     65 ;uart_t80.c:20: while (!(UART_USR & UART_UDRE));
    00000009                         66 00101$:
    00000009 21 31 C0         [10]   67 	ld	hl, #0xc031
    0000000C CB 6E            [12]   68 	bit	5, (hl)
    0000000E 28 F9            [12]   69 	jr	Z, 00101$
                                     70 ;uart_t80.c:23: UART_UDR = (uint8_t)c;
    00000010 32 30 C0         [13]   71 	ld	(#0xc030),a
                                     72 ;uart_t80.c:24: }
    00000013 C9               [10]   73 	ret
                                     74 ;uart_t80.c:29: void uart_puts(const char *s) {
                                     75 ;	---------------------------------
                                     76 ; Function uart_puts
                                     77 ; ---------------------------------
    00000014                         78 _uart_puts::
                                     79 ;uart_t80.c:30: while (*s) {
    00000014                         80 00101$:
    00000014 7E               [ 7]   81 	ld	a, (hl)
    00000015 B7               [ 4]   82 	or	a, a
    00000016 C8               [11]   83 	ret	Z
                                     84 ;uart_t80.c:31: uart_putc(*s++);
    00000017 23               [ 6]   85 	inc	hl
    00000018 E5               [11]   86 	push	hl
    00000019 CDr09r00         [17]   87 	call	_uart_putc
    0000001C E1               [10]   88 	pop	hl
                                     89 ;uart_t80.c:33: }
    0000001D 18 F5            [12]   90 	jr	00101$
                                     91 ;uart_t80.c:38: bool uart_available(void) {
                                     92 ;	---------------------------------
                                     93 ; Function uart_available
                                     94 ; ---------------------------------
    0000001F                         95 _uart_available::
                                     96 ;uart_t80.c:39: return (UART_USR & UART_RXC);
    0000001F 3A 31 C0         [13]   97 	ld	a, (#0xc031)
    00000022 07               [ 4]   98 	rlca
    00000023 E6 01            [ 7]   99 	and	a, #0x01
                                    100 ;uart_t80.c:40: }
    00000025 C9               [10]  101 	ret
                                    102 ;uart_t80.c:45: char uart_getc(void) {
                                    103 ;	---------------------------------
                                    104 ; Function uart_getc
                                    105 ; ---------------------------------
    00000026                        106 _uart_getc::
                                    107 ;uart_t80.c:47: while (!uart_available());
    00000026                        108 00101$:
    00000026 CDr1Fr00         [17]  109 	call	_uart_available
    00000029 CB 47            [ 8]  110 	bit	0,a
    0000002B 28 F9            [12]  111 	jr	Z, 00101$
                                    112 ;uart_t80.c:50: return (char)UART_UDR;
    0000002D 3A 30 C0         [13]  113 	ld	a, (#0xc030)
                                    114 ;uart_t80.c:51: }
    00000030 C9               [10]  115 	ret
                                    116 	.area _CODE
                                    117 	.area _INITIALIZER
                                    118 	.area _CABS (ABS)
